ARM GAS  C:\Users\student\AppData\Local\Temp\cc18MImv.s 			page 1


   1              		.syntax unified
   2              		.cpu cortex-m3
   3              		.fpu softvfp
   4              		.eabi_attribute 20, 1
   5              		.eabi_attribute 21, 1
   6              		.eabi_attribute 23, 3
   7              		.eabi_attribute 24, 1
   8              		.eabi_attribute 25, 1
   9              		.eabi_attribute 26, 1
  10              		.eabi_attribute 30, 1
  11              		.eabi_attribute 34, 1
  12              		.eabi_attribute 18, 4
  13              		.thumb
  14              		.file	"emFile_1_PM.c"
  15              		.text
  16              	.Ltext0:
  17              		.cfi_sections	.debug_frame
  18              		.section	.text.emFile_1_SaveConfig,"ax",%progbits
  19              		.align	2
  20              		.global	emFile_1_SaveConfig
  21              		.thumb
  22              		.thumb_func
  23              		.type	emFile_1_SaveConfig, %function
  24              	emFile_1_SaveConfig:
  25              	.LFB63:
  26              		.file 1 ".\\Generated_Source\\PSoC5\\emFile_1_PM.c"
   1:.\Generated_Source\PSoC5/emFile_1_PM.c **** /*******************************************************************************
   2:.\Generated_Source\PSoC5/emFile_1_PM.c **** * File Name: emFile_1_PM.c
   3:.\Generated_Source\PSoC5/emFile_1_PM.c **** * Version 1.20
   4:.\Generated_Source\PSoC5/emFile_1_PM.c **** *
   5:.\Generated_Source\PSoC5/emFile_1_PM.c **** * Description:
   6:.\Generated_Source\PSoC5/emFile_1_PM.c **** *  This file provides the API source code for Power Management of the emFile
   7:.\Generated_Source\PSoC5/emFile_1_PM.c **** *  component.
   8:.\Generated_Source\PSoC5/emFile_1_PM.c **** *
   9:.\Generated_Source\PSoC5/emFile_1_PM.c **** * Note:
  10:.\Generated_Source\PSoC5/emFile_1_PM.c **** *
  11:.\Generated_Source\PSoC5/emFile_1_PM.c **** *******************************************************************************
  12:.\Generated_Source\PSoC5/emFile_1_PM.c **** * Copyright 2011-2012, Cypress Semiconductor Corporation.  All rights reserved.
  13:.\Generated_Source\PSoC5/emFile_1_PM.c **** * You may use this file only in accordance with the license, terms, conditions,
  14:.\Generated_Source\PSoC5/emFile_1_PM.c **** * disclaimers, and limitations in the end user license agreement accompanying
  15:.\Generated_Source\PSoC5/emFile_1_PM.c **** * the software package with which this file was provided.
  16:.\Generated_Source\PSoC5/emFile_1_PM.c **** *******************************************************************************/
  17:.\Generated_Source\PSoC5/emFile_1_PM.c **** 
  18:.\Generated_Source\PSoC5/emFile_1_PM.c **** #include <project.h>
  19:.\Generated_Source\PSoC5/emFile_1_PM.c **** #include "emFile_1.h"
  20:.\Generated_Source\PSoC5/emFile_1_PM.c **** 
  21:.\Generated_Source\PSoC5/emFile_1_PM.c **** 
  22:.\Generated_Source\PSoC5/emFile_1_PM.c **** /*******************************************************************************
  23:.\Generated_Source\PSoC5/emFile_1_PM.c **** * Function Name: emFile_1_SaveConfig
  24:.\Generated_Source\PSoC5/emFile_1_PM.c **** ********************************************************************************
  25:.\Generated_Source\PSoC5/emFile_1_PM.c **** *
  26:.\Generated_Source\PSoC5/emFile_1_PM.c **** * Summary:
  27:.\Generated_Source\PSoC5/emFile_1_PM.c **** *  Saves SPI Masters configuration.
  28:.\Generated_Source\PSoC5/emFile_1_PM.c **** *
  29:.\Generated_Source\PSoC5/emFile_1_PM.c **** * Parameters:
  30:.\Generated_Source\PSoC5/emFile_1_PM.c **** *  None
  31:.\Generated_Source\PSoC5/emFile_1_PM.c **** *
ARM GAS  C:\Users\student\AppData\Local\Temp\cc18MImv.s 			page 2


  32:.\Generated_Source\PSoC5/emFile_1_PM.c **** * Return:
  33:.\Generated_Source\PSoC5/emFile_1_PM.c **** *  None
  34:.\Generated_Source\PSoC5/emFile_1_PM.c **** *
  35:.\Generated_Source\PSoC5/emFile_1_PM.c **** * Reentrant:
  36:.\Generated_Source\PSoC5/emFile_1_PM.c **** *  No
  37:.\Generated_Source\PSoC5/emFile_1_PM.c **** *
  38:.\Generated_Source\PSoC5/emFile_1_PM.c **** *******************************************************************************/
  39:.\Generated_Source\PSoC5/emFile_1_PM.c **** void emFile_1_SaveConfig(void) 
  40:.\Generated_Source\PSoC5/emFile_1_PM.c **** {
  27              		.loc 1 40 0
  28              		.cfi_startproc
  29              		@ args = 0, pretend = 0, frame = 0
  30              		@ frame_needed = 0, uses_anonymous_args = 0
  31 0000 08B5     		push	{r3, lr}
  32              		.cfi_def_cfa_offset 8
  33              		.cfi_offset 3, -8
  34              		.cfi_offset 14, -4
  41:.\Generated_Source\PSoC5/emFile_1_PM.c ****     #if(emFile_1_NUMBER_SD_CARDS == 4u)
  42:.\Generated_Source\PSoC5/emFile_1_PM.c ****         emFile_1_SPI0_SaveConfig();
  43:.\Generated_Source\PSoC5/emFile_1_PM.c ****         emFile_1_SPI1_SaveConfig();
  44:.\Generated_Source\PSoC5/emFile_1_PM.c ****         emFile_1_SPI2_SaveConfig();
  45:.\Generated_Source\PSoC5/emFile_1_PM.c ****         emFile_1_SPI3_SaveConfig();
  46:.\Generated_Source\PSoC5/emFile_1_PM.c ****     #elif(emFile_1_NUMBER_SD_CARDS == 3u)
  47:.\Generated_Source\PSoC5/emFile_1_PM.c ****         emFile_1_SPI0_SaveConfig();
  48:.\Generated_Source\PSoC5/emFile_1_PM.c ****         emFile_1_SPI1_SaveConfig();
  49:.\Generated_Source\PSoC5/emFile_1_PM.c ****         emFile_1_SPI2_SaveConfig();
  50:.\Generated_Source\PSoC5/emFile_1_PM.c ****     #elif(emFile_1_NUMBER_SD_CARDS == 2u)
  51:.\Generated_Source\PSoC5/emFile_1_PM.c ****         emFile_1_SPI0_SaveConfig();
  52:.\Generated_Source\PSoC5/emFile_1_PM.c ****         emFile_1_SPI1_SaveConfig();
  53:.\Generated_Source\PSoC5/emFile_1_PM.c ****     #else
  54:.\Generated_Source\PSoC5/emFile_1_PM.c ****         emFile_1_SPI0_SaveConfig();
  35              		.loc 1 54 0
  36 0002 FFF7FEFF 		bl	emFile_1_SPI0_SaveConfig
  37              	.LVL0:
  38 0006 08BD     		pop	{r3, pc}
  39              		.cfi_endproc
  40              	.LFE63:
  41              		.size	emFile_1_SaveConfig, .-emFile_1_SaveConfig
  42              		.section	.text.emFile_1_RestoreConfig,"ax",%progbits
  43              		.align	2
  44              		.global	emFile_1_RestoreConfig
  45              		.thumb
  46              		.thumb_func
  47              		.type	emFile_1_RestoreConfig, %function
  48              	emFile_1_RestoreConfig:
  49              	.LFB64:
  55:.\Generated_Source\PSoC5/emFile_1_PM.c ****     #endif /* (emFile_1_NUMBER_SD_CARDS == 4u) */
  56:.\Generated_Source\PSoC5/emFile_1_PM.c **** }
  57:.\Generated_Source\PSoC5/emFile_1_PM.c **** 
  58:.\Generated_Source\PSoC5/emFile_1_PM.c **** 
  59:.\Generated_Source\PSoC5/emFile_1_PM.c **** /*******************************************************************************
  60:.\Generated_Source\PSoC5/emFile_1_PM.c **** * Function Name: emFile_1_RestoreConfig
  61:.\Generated_Source\PSoC5/emFile_1_PM.c **** ********************************************************************************
  62:.\Generated_Source\PSoC5/emFile_1_PM.c **** *
  63:.\Generated_Source\PSoC5/emFile_1_PM.c **** * Summary:
  64:.\Generated_Source\PSoC5/emFile_1_PM.c **** *  Restores SPI Masters configuration.
  65:.\Generated_Source\PSoC5/emFile_1_PM.c **** *
ARM GAS  C:\Users\student\AppData\Local\Temp\cc18MImv.s 			page 3


  66:.\Generated_Source\PSoC5/emFile_1_PM.c **** * Parameters:
  67:.\Generated_Source\PSoC5/emFile_1_PM.c **** *  None
  68:.\Generated_Source\PSoC5/emFile_1_PM.c **** *
  69:.\Generated_Source\PSoC5/emFile_1_PM.c **** * Return:
  70:.\Generated_Source\PSoC5/emFile_1_PM.c **** *  None
  71:.\Generated_Source\PSoC5/emFile_1_PM.c **** *
  72:.\Generated_Source\PSoC5/emFile_1_PM.c **** * Side Effects:
  73:.\Generated_Source\PSoC5/emFile_1_PM.c **** *  If this API is called without first calling SaveConfig then in the following
  74:.\Generated_Source\PSoC5/emFile_1_PM.c **** *  registers will be default values from Customizer:
  75:.\Generated_Source\PSoC5/emFile_1_PM.c **** *
  76:.\Generated_Source\PSoC5/emFile_1_PM.c **** *******************************************************************************/
  77:.\Generated_Source\PSoC5/emFile_1_PM.c **** void emFile_1_RestoreConfig(void) 
  78:.\Generated_Source\PSoC5/emFile_1_PM.c **** {
  50              		.loc 1 78 0
  51              		.cfi_startproc
  52              		@ args = 0, pretend = 0, frame = 0
  53              		@ frame_needed = 0, uses_anonymous_args = 0
  54 0000 08B5     		push	{r3, lr}
  55              		.cfi_def_cfa_offset 8
  56              		.cfi_offset 3, -8
  57              		.cfi_offset 14, -4
  79:.\Generated_Source\PSoC5/emFile_1_PM.c ****     #if(emFile_1_NUMBER_SD_CARDS == 4u)
  80:.\Generated_Source\PSoC5/emFile_1_PM.c ****         emFile_1_SPI0_RestoreConfig();
  81:.\Generated_Source\PSoC5/emFile_1_PM.c ****         emFile_1_SPI1_RestoreConfig();
  82:.\Generated_Source\PSoC5/emFile_1_PM.c ****         emFile_1_SPI2_RestoreConfig();
  83:.\Generated_Source\PSoC5/emFile_1_PM.c ****         emFile_1_SPI3_RestoreConfig();
  84:.\Generated_Source\PSoC5/emFile_1_PM.c ****     #elif(emFile_1_NUMBER_SD_CARDS == 3u)
  85:.\Generated_Source\PSoC5/emFile_1_PM.c ****         emFile_1_SPI0_SaveConfig();
  86:.\Generated_Source\PSoC5/emFile_1_PM.c ****         emFile_1_SPI1_SaveConfig();
  87:.\Generated_Source\PSoC5/emFile_1_PM.c ****         emFile_1_SPI2_SaveConfig();
  88:.\Generated_Source\PSoC5/emFile_1_PM.c ****     #elif(emFile_1_NUMBER_SD_CARDS == 2u)
  89:.\Generated_Source\PSoC5/emFile_1_PM.c ****         emFile_1_SPI0_SaveConfig();
  90:.\Generated_Source\PSoC5/emFile_1_PM.c ****         emFile_1_SPI1_SaveConfig();
  91:.\Generated_Source\PSoC5/emFile_1_PM.c ****     #else
  92:.\Generated_Source\PSoC5/emFile_1_PM.c ****         emFile_1_SPI0_SaveConfig();
  58              		.loc 1 92 0
  59 0002 FFF7FEFF 		bl	emFile_1_SPI0_SaveConfig
  60              	.LVL1:
  61 0006 08BD     		pop	{r3, pc}
  62              		.cfi_endproc
  63              	.LFE64:
  64              		.size	emFile_1_RestoreConfig, .-emFile_1_RestoreConfig
  65              		.section	.text.emFile_1_Sleep,"ax",%progbits
  66              		.align	2
  67              		.global	emFile_1_Sleep
  68              		.thumb
  69              		.thumb_func
  70              		.type	emFile_1_Sleep, %function
  71              	emFile_1_Sleep:
  72              	.LFB65:
  93:.\Generated_Source\PSoC5/emFile_1_PM.c ****     #endif /* (emFile_1_NUMBER_SD_CARDS == 4u) */
  94:.\Generated_Source\PSoC5/emFile_1_PM.c **** }
  95:.\Generated_Source\PSoC5/emFile_1_PM.c **** 
  96:.\Generated_Source\PSoC5/emFile_1_PM.c **** 
  97:.\Generated_Source\PSoC5/emFile_1_PM.c **** /*******************************************************************************
  98:.\Generated_Source\PSoC5/emFile_1_PM.c **** * Function Name: emFile_1_Sleep
  99:.\Generated_Source\PSoC5/emFile_1_PM.c **** ********************************************************************************
ARM GAS  C:\Users\student\AppData\Local\Temp\cc18MImv.s 			page 4


 100:.\Generated_Source\PSoC5/emFile_1_PM.c **** *
 101:.\Generated_Source\PSoC5/emFile_1_PM.c **** * Summary:
 102:.\Generated_Source\PSoC5/emFile_1_PM.c **** *  Prepare emFile to go to sleep.
 103:.\Generated_Source\PSoC5/emFile_1_PM.c **** *
 104:.\Generated_Source\PSoC5/emFile_1_PM.c **** * Parameters:
 105:.\Generated_Source\PSoC5/emFile_1_PM.c **** *  None
 106:.\Generated_Source\PSoC5/emFile_1_PM.c **** *
 107:.\Generated_Source\PSoC5/emFile_1_PM.c **** * Return:
 108:.\Generated_Source\PSoC5/emFile_1_PM.c **** *  None
 109:.\Generated_Source\PSoC5/emFile_1_PM.c **** *
 110:.\Generated_Source\PSoC5/emFile_1_PM.c **** * Reentrant:
 111:.\Generated_Source\PSoC5/emFile_1_PM.c **** *  No
 112:.\Generated_Source\PSoC5/emFile_1_PM.c **** *
 113:.\Generated_Source\PSoC5/emFile_1_PM.c **** *******************************************************************************/
 114:.\Generated_Source\PSoC5/emFile_1_PM.c **** void emFile_1_Sleep(void) 
 115:.\Generated_Source\PSoC5/emFile_1_PM.c **** {
  73              		.loc 1 115 0
  74              		.cfi_startproc
  75              		@ args = 0, pretend = 0, frame = 0
  76              		@ frame_needed = 0, uses_anonymous_args = 0
  77 0000 08B5     		push	{r3, lr}
  78              		.cfi_def_cfa_offset 8
  79              		.cfi_offset 3, -8
  80              		.cfi_offset 14, -4
 116:.\Generated_Source\PSoC5/emFile_1_PM.c ****     #if(emFile_1_NUMBER_SD_CARDS == 4u)
 117:.\Generated_Source\PSoC5/emFile_1_PM.c ****         emFile_1_SPI0_Sleep();
 118:.\Generated_Source\PSoC5/emFile_1_PM.c ****         emFile_1_SPI1_Sleep();
 119:.\Generated_Source\PSoC5/emFile_1_PM.c ****         emFile_1_SPI2_Sleep();
 120:.\Generated_Source\PSoC5/emFile_1_PM.c ****         emFile_1_SPI3_Sleep();
 121:.\Generated_Source\PSoC5/emFile_1_PM.c ****     #elif(emFile_1_NUMBER_SD_CARDS == 3u)
 122:.\Generated_Source\PSoC5/emFile_1_PM.c ****         emFile_1_SPI0_Sleep();
 123:.\Generated_Source\PSoC5/emFile_1_PM.c ****         emFile_1_SPI1_Sleep();
 124:.\Generated_Source\PSoC5/emFile_1_PM.c ****         emFile_1_SPI2_Sleep();
 125:.\Generated_Source\PSoC5/emFile_1_PM.c ****     #elif(emFile_1_NUMBER_SD_CARDS == 2u)
 126:.\Generated_Source\PSoC5/emFile_1_PM.c ****         emFile_1_SPI0_Sleep();
 127:.\Generated_Source\PSoC5/emFile_1_PM.c ****         emFile_1_SPI1_Sleep();
 128:.\Generated_Source\PSoC5/emFile_1_PM.c ****     #else
 129:.\Generated_Source\PSoC5/emFile_1_PM.c ****         emFile_1_SPI0_Sleep();
  81              		.loc 1 129 0
  82 0002 FFF7FEFF 		bl	emFile_1_SPI0_Sleep
  83              	.LVL2:
  84 0006 08BD     		pop	{r3, pc}
  85              		.cfi_endproc
  86              	.LFE65:
  87              		.size	emFile_1_Sleep, .-emFile_1_Sleep
  88              		.section	.text.emFile_1_Wakeup,"ax",%progbits
  89              		.align	2
  90              		.global	emFile_1_Wakeup
  91              		.thumb
  92              		.thumb_func
  93              		.type	emFile_1_Wakeup, %function
  94              	emFile_1_Wakeup:
  95              	.LFB66:
 130:.\Generated_Source\PSoC5/emFile_1_PM.c ****     #endif /* (emFile_1_NUMBER_SD_CARDS == 4u) */
 131:.\Generated_Source\PSoC5/emFile_1_PM.c **** }
 132:.\Generated_Source\PSoC5/emFile_1_PM.c **** 
 133:.\Generated_Source\PSoC5/emFile_1_PM.c **** 
ARM GAS  C:\Users\student\AppData\Local\Temp\cc18MImv.s 			page 5


 134:.\Generated_Source\PSoC5/emFile_1_PM.c **** /*******************************************************************************
 135:.\Generated_Source\PSoC5/emFile_1_PM.c **** * Function Name: emFile_1_Wakeup
 136:.\Generated_Source\PSoC5/emFile_1_PM.c **** ********************************************************************************
 137:.\Generated_Source\PSoC5/emFile_1_PM.c **** *
 138:.\Generated_Source\PSoC5/emFile_1_PM.c **** * Summary:
 139:.\Generated_Source\PSoC5/emFile_1_PM.c **** *  Prepare SPIM Components to wake up.
 140:.\Generated_Source\PSoC5/emFile_1_PM.c **** *
 141:.\Generated_Source\PSoC5/emFile_1_PM.c **** * Parameters:
 142:.\Generated_Source\PSoC5/emFile_1_PM.c **** *  None
 143:.\Generated_Source\PSoC5/emFile_1_PM.c **** *
 144:.\Generated_Source\PSoC5/emFile_1_PM.c **** * Return:
 145:.\Generated_Source\PSoC5/emFile_1_PM.c **** *  None
 146:.\Generated_Source\PSoC5/emFile_1_PM.c **** *
 147:.\Generated_Source\PSoC5/emFile_1_PM.c **** * Reentrant:
 148:.\Generated_Source\PSoC5/emFile_1_PM.c **** *  No
 149:.\Generated_Source\PSoC5/emFile_1_PM.c **** *
 150:.\Generated_Source\PSoC5/emFile_1_PM.c **** *******************************************************************************/
 151:.\Generated_Source\PSoC5/emFile_1_PM.c **** void emFile_1_Wakeup(void) 
 152:.\Generated_Source\PSoC5/emFile_1_PM.c **** {
  96              		.loc 1 152 0
  97              		.cfi_startproc
  98              		@ args = 0, pretend = 0, frame = 0
  99              		@ frame_needed = 0, uses_anonymous_args = 0
 100 0000 08B5     		push	{r3, lr}
 101              		.cfi_def_cfa_offset 8
 102              		.cfi_offset 3, -8
 103              		.cfi_offset 14, -4
 153:.\Generated_Source\PSoC5/emFile_1_PM.c ****     #if(emFile_1_NUMBER_SD_CARDS == 4u)
 154:.\Generated_Source\PSoC5/emFile_1_PM.c ****         emFile_1_SPI0_Wakeup();
 155:.\Generated_Source\PSoC5/emFile_1_PM.c ****         emFile_1_SPI1_Wakeup();
 156:.\Generated_Source\PSoC5/emFile_1_PM.c ****         emFile_1_SPI2_Wakeup();
 157:.\Generated_Source\PSoC5/emFile_1_PM.c ****         emFile_1_SPI3_Wakeup();
 158:.\Generated_Source\PSoC5/emFile_1_PM.c ****     #elif(emFile_1_NUMBER_SD_CARDS == 3u)
 159:.\Generated_Source\PSoC5/emFile_1_PM.c ****         emFile_1_SPI0_Wakeup();
 160:.\Generated_Source\PSoC5/emFile_1_PM.c ****         emFile_1_SPI1_Wakeup();
 161:.\Generated_Source\PSoC5/emFile_1_PM.c ****         emFile_1_SPI2_Wakeup();
 162:.\Generated_Source\PSoC5/emFile_1_PM.c ****     #elif(emFile_1_NUMBER_SD_CARDS == 2u)
 163:.\Generated_Source\PSoC5/emFile_1_PM.c ****         emFile_1_SPI0_Wakeup();
 164:.\Generated_Source\PSoC5/emFile_1_PM.c ****         emFile_1_SPI1_Wakeup();
 165:.\Generated_Source\PSoC5/emFile_1_PM.c ****     #else
 166:.\Generated_Source\PSoC5/emFile_1_PM.c ****         emFile_1_SPI0_Wakeup();
 104              		.loc 1 166 0
 105 0002 FFF7FEFF 		bl	emFile_1_SPI0_Wakeup
 106              	.LVL3:
 107 0006 08BD     		pop	{r3, pc}
 108              		.cfi_endproc
 109              	.LFE66:
 110              		.size	emFile_1_Wakeup, .-emFile_1_Wakeup
 111              		.text
 112              	.Letext0:
 113              		.file 2 "c:\\program files (x86)\\cypress\\psoc creator\\3.3\\psoc creator\\import\\gnu\\arm\\4.9.
 114              		.file 3 "c:\\program files (x86)\\cypress\\psoc creator\\3.3\\psoc creator\\import\\gnu\\arm\\4.9.
 115              		.file 4 "Generated_Source\\PSoC5/emFile_1_SPI0.h"
 116              		.file 5 "Generated_Source\\PSoC5/core_cm3.h"
 117              		.section	.debug_info,"",%progbits
 118              	.Ldebug_info0:
 119 0000 3C010000 		.4byte	0x13c
ARM GAS  C:\Users\student\AppData\Local\Temp\cc18MImv.s 			page 6


 120 0004 0400     		.2byte	0x4
 121 0006 00000000 		.4byte	.Ldebug_abbrev0
 122 000a 04       		.byte	0x4
 123 000b 01       		.uleb128 0x1
 124 000c C0000000 		.4byte	.LASF22
 125 0010 01       		.byte	0x1
 126 0011 43000000 		.4byte	.LASF23
 127 0015 CD010000 		.4byte	.LASF24
 128 0019 00000000 		.4byte	.Ldebug_ranges0+0
 129 001d 00000000 		.4byte	0
 130 0021 00000000 		.4byte	.Ldebug_line0
 131 0025 02       		.uleb128 0x2
 132 0026 01       		.byte	0x1
 133 0027 06       		.byte	0x6
 134 0028 B1010000 		.4byte	.LASF0
 135 002c 02       		.uleb128 0x2
 136 002d 01       		.byte	0x1
 137 002e 08       		.byte	0x8
 138 002f 4E010000 		.4byte	.LASF1
 139 0033 02       		.uleb128 0x2
 140 0034 02       		.byte	0x2
 141 0035 05       		.byte	0x5
 142 0036 F0010000 		.4byte	.LASF2
 143 003a 02       		.uleb128 0x2
 144 003b 02       		.byte	0x2
 145 003c 07       		.byte	0x7
 146 003d 0E000000 		.4byte	.LASF3
 147 0041 03       		.uleb128 0x3
 148 0042 BD010000 		.4byte	.LASF9
 149 0046 02       		.byte	0x2
 150 0047 3F       		.byte	0x3f
 151 0048 4C000000 		.4byte	0x4c
 152 004c 02       		.uleb128 0x2
 153 004d 04       		.byte	0x4
 154 004e 05       		.byte	0x5
 155 004f 80010000 		.4byte	.LASF4
 156 0053 02       		.uleb128 0x2
 157 0054 04       		.byte	0x4
 158 0055 07       		.byte	0x7
 159 0056 97000000 		.4byte	.LASF5
 160 005a 02       		.uleb128 0x2
 161 005b 08       		.byte	0x8
 162 005c 05       		.byte	0x5
 163 005d 00000000 		.4byte	.LASF6
 164 0061 02       		.uleb128 0x2
 165 0062 08       		.byte	0x8
 166 0063 07       		.byte	0x7
 167 0064 A9000000 		.4byte	.LASF7
 168 0068 04       		.uleb128 0x4
 169 0069 04       		.byte	0x4
 170 006a 05       		.byte	0x5
 171 006b 696E7400 		.ascii	"int\000"
 172 006f 02       		.uleb128 0x2
 173 0070 04       		.byte	0x4
 174 0071 07       		.byte	0x7
 175 0072 36000000 		.4byte	.LASF8
 176 0076 03       		.uleb128 0x3
ARM GAS  C:\Users\student\AppData\Local\Temp\cc18MImv.s 			page 7


 177 0077 FA010000 		.4byte	.LASF10
 178 007b 03       		.byte	0x3
 179 007c 2C       		.byte	0x2c
 180 007d 41000000 		.4byte	0x41
 181 0081 02       		.uleb128 0x2
 182 0082 04       		.byte	0x4
 183 0083 04       		.byte	0x4
 184 0084 C7010000 		.4byte	.LASF11
 185 0088 02       		.uleb128 0x2
 186 0089 08       		.byte	0x8
 187 008a 04       		.byte	0x4
 188 008b 89010000 		.4byte	.LASF12
 189 008f 02       		.uleb128 0x2
 190 0090 01       		.byte	0x1
 191 0091 08       		.byte	0x8
 192 0092 6B010000 		.4byte	.LASF13
 193 0096 02       		.uleb128 0x2
 194 0097 04       		.byte	0x4
 195 0098 07       		.byte	0x7
 196 0099 02020000 		.4byte	.LASF14
 197 009d 05       		.uleb128 0x5
 198 009e 90010000 		.4byte	.LASF15
 199 00a2 01       		.byte	0x1
 200 00a3 27       		.byte	0x27
 201 00a4 00000000 		.4byte	.LFB63
 202 00a8 08000000 		.4byte	.LFE63-.LFB63
 203 00ac 01       		.uleb128 0x1
 204 00ad 9C       		.byte	0x9c
 205 00ae BC000000 		.4byte	0xbc
 206 00b2 06       		.uleb128 0x6
 207 00b3 06000000 		.4byte	.LVL0
 208 00b7 2A010000 		.4byte	0x12a
 209 00bb 00       		.byte	0
 210 00bc 05       		.uleb128 0x5
 211 00bd 0B020000 		.4byte	.LASF16
 212 00c1 01       		.byte	0x1
 213 00c2 4D       		.byte	0x4d
 214 00c3 00000000 		.4byte	.LFB64
 215 00c7 08000000 		.4byte	.LFE64-.LFB64
 216 00cb 01       		.uleb128 0x1
 217 00cc 9C       		.byte	0x9c
 218 00cd DB000000 		.4byte	0xdb
 219 00d1 06       		.uleb128 0x6
 220 00d2 06000000 		.4byte	.LVL1
 221 00d6 2A010000 		.4byte	0x12a
 222 00da 00       		.byte	0
 223 00db 05       		.uleb128 0x5
 224 00dc 5C010000 		.4byte	.LASF17
 225 00e0 01       		.byte	0x1
 226 00e1 72       		.byte	0x72
 227 00e2 00000000 		.4byte	.LFB65
 228 00e6 08000000 		.4byte	.LFE65-.LFB65
 229 00ea 01       		.uleb128 0x1
 230 00eb 9C       		.byte	0x9c
 231 00ec FA000000 		.4byte	0xfa
 232 00f0 06       		.uleb128 0x6
 233 00f1 06000000 		.4byte	.LVL2
ARM GAS  C:\Users\student\AppData\Local\Temp\cc18MImv.s 			page 8


 234 00f5 31010000 		.4byte	0x131
 235 00f9 00       		.byte	0
 236 00fa 05       		.uleb128 0x5
 237 00fb 70010000 		.4byte	.LASF18
 238 00ff 01       		.byte	0x1
 239 0100 97       		.byte	0x97
 240 0101 00000000 		.4byte	.LFB66
 241 0105 08000000 		.4byte	.LFE66-.LFB66
 242 0109 01       		.uleb128 0x1
 243 010a 9C       		.byte	0x9c
 244 010b 19010000 		.4byte	0x119
 245 010f 06       		.uleb128 0x6
 246 0110 06000000 		.4byte	.LVL3
 247 0114 38010000 		.4byte	0x138
 248 0118 00       		.byte	0
 249 0119 07       		.uleb128 0x7
 250 011a A4010000 		.4byte	.LASF25
 251 011e 05       		.byte	0x5
 252 011f 9606     		.2byte	0x696
 253 0121 25010000 		.4byte	0x125
 254 0125 08       		.uleb128 0x8
 255 0126 76000000 		.4byte	0x76
 256 012a 09       		.uleb128 0x9
 257 012b 7E000000 		.4byte	.LASF19
 258 012f 04       		.byte	0x4
 259 0130 62       		.byte	0x62
 260 0131 09       		.uleb128 0x9
 261 0132 6A000000 		.4byte	.LASF20
 262 0136 04       		.byte	0x4
 263 0137 60       		.byte	0x60
 264 0138 09       		.uleb128 0x9
 265 0139 21000000 		.4byte	.LASF21
 266 013d 04       		.byte	0x4
 267 013e 61       		.byte	0x61
 268 013f 00       		.byte	0
 269              		.section	.debug_abbrev,"",%progbits
 270              	.Ldebug_abbrev0:
 271 0000 01       		.uleb128 0x1
 272 0001 11       		.uleb128 0x11
 273 0002 01       		.byte	0x1
 274 0003 25       		.uleb128 0x25
 275 0004 0E       		.uleb128 0xe
 276 0005 13       		.uleb128 0x13
 277 0006 0B       		.uleb128 0xb
 278 0007 03       		.uleb128 0x3
 279 0008 0E       		.uleb128 0xe
 280 0009 1B       		.uleb128 0x1b
 281 000a 0E       		.uleb128 0xe
 282 000b 55       		.uleb128 0x55
 283 000c 17       		.uleb128 0x17
 284 000d 11       		.uleb128 0x11
 285 000e 01       		.uleb128 0x1
 286 000f 10       		.uleb128 0x10
 287 0010 17       		.uleb128 0x17
 288 0011 00       		.byte	0
 289 0012 00       		.byte	0
 290 0013 02       		.uleb128 0x2
ARM GAS  C:\Users\student\AppData\Local\Temp\cc18MImv.s 			page 9


 291 0014 24       		.uleb128 0x24
 292 0015 00       		.byte	0
 293 0016 0B       		.uleb128 0xb
 294 0017 0B       		.uleb128 0xb
 295 0018 3E       		.uleb128 0x3e
 296 0019 0B       		.uleb128 0xb
 297 001a 03       		.uleb128 0x3
 298 001b 0E       		.uleb128 0xe
 299 001c 00       		.byte	0
 300 001d 00       		.byte	0
 301 001e 03       		.uleb128 0x3
 302 001f 16       		.uleb128 0x16
 303 0020 00       		.byte	0
 304 0021 03       		.uleb128 0x3
 305 0022 0E       		.uleb128 0xe
 306 0023 3A       		.uleb128 0x3a
 307 0024 0B       		.uleb128 0xb
 308 0025 3B       		.uleb128 0x3b
 309 0026 0B       		.uleb128 0xb
 310 0027 49       		.uleb128 0x49
 311 0028 13       		.uleb128 0x13
 312 0029 00       		.byte	0
 313 002a 00       		.byte	0
 314 002b 04       		.uleb128 0x4
 315 002c 24       		.uleb128 0x24
 316 002d 00       		.byte	0
 317 002e 0B       		.uleb128 0xb
 318 002f 0B       		.uleb128 0xb
 319 0030 3E       		.uleb128 0x3e
 320 0031 0B       		.uleb128 0xb
 321 0032 03       		.uleb128 0x3
 322 0033 08       		.uleb128 0x8
 323 0034 00       		.byte	0
 324 0035 00       		.byte	0
 325 0036 05       		.uleb128 0x5
 326 0037 2E       		.uleb128 0x2e
 327 0038 01       		.byte	0x1
 328 0039 3F       		.uleb128 0x3f
 329 003a 19       		.uleb128 0x19
 330 003b 03       		.uleb128 0x3
 331 003c 0E       		.uleb128 0xe
 332 003d 3A       		.uleb128 0x3a
 333 003e 0B       		.uleb128 0xb
 334 003f 3B       		.uleb128 0x3b
 335 0040 0B       		.uleb128 0xb
 336 0041 27       		.uleb128 0x27
 337 0042 19       		.uleb128 0x19
 338 0043 11       		.uleb128 0x11
 339 0044 01       		.uleb128 0x1
 340 0045 12       		.uleb128 0x12
 341 0046 06       		.uleb128 0x6
 342 0047 40       		.uleb128 0x40
 343 0048 18       		.uleb128 0x18
 344 0049 9742     		.uleb128 0x2117
 345 004b 19       		.uleb128 0x19
 346 004c 01       		.uleb128 0x1
 347 004d 13       		.uleb128 0x13
ARM GAS  C:\Users\student\AppData\Local\Temp\cc18MImv.s 			page 10


 348 004e 00       		.byte	0
 349 004f 00       		.byte	0
 350 0050 06       		.uleb128 0x6
 351 0051 898201   		.uleb128 0x4109
 352 0054 00       		.byte	0
 353 0055 11       		.uleb128 0x11
 354 0056 01       		.uleb128 0x1
 355 0057 31       		.uleb128 0x31
 356 0058 13       		.uleb128 0x13
 357 0059 00       		.byte	0
 358 005a 00       		.byte	0
 359 005b 07       		.uleb128 0x7
 360 005c 34       		.uleb128 0x34
 361 005d 00       		.byte	0
 362 005e 03       		.uleb128 0x3
 363 005f 0E       		.uleb128 0xe
 364 0060 3A       		.uleb128 0x3a
 365 0061 0B       		.uleb128 0xb
 366 0062 3B       		.uleb128 0x3b
 367 0063 05       		.uleb128 0x5
 368 0064 49       		.uleb128 0x49
 369 0065 13       		.uleb128 0x13
 370 0066 3F       		.uleb128 0x3f
 371 0067 19       		.uleb128 0x19
 372 0068 3C       		.uleb128 0x3c
 373 0069 19       		.uleb128 0x19
 374 006a 00       		.byte	0
 375 006b 00       		.byte	0
 376 006c 08       		.uleb128 0x8
 377 006d 35       		.uleb128 0x35
 378 006e 00       		.byte	0
 379 006f 49       		.uleb128 0x49
 380 0070 13       		.uleb128 0x13
 381 0071 00       		.byte	0
 382 0072 00       		.byte	0
 383 0073 09       		.uleb128 0x9
 384 0074 2E       		.uleb128 0x2e
 385 0075 00       		.byte	0
 386 0076 3F       		.uleb128 0x3f
 387 0077 19       		.uleb128 0x19
 388 0078 03       		.uleb128 0x3
 389 0079 0E       		.uleb128 0xe
 390 007a 3A       		.uleb128 0x3a
 391 007b 0B       		.uleb128 0xb
 392 007c 3B       		.uleb128 0x3b
 393 007d 0B       		.uleb128 0xb
 394 007e 27       		.uleb128 0x27
 395 007f 19       		.uleb128 0x19
 396 0080 3C       		.uleb128 0x3c
 397 0081 19       		.uleb128 0x19
 398 0082 00       		.byte	0
 399 0083 00       		.byte	0
 400 0084 00       		.byte	0
 401              		.section	.debug_aranges,"",%progbits
 402 0000 34000000 		.4byte	0x34
 403 0004 0200     		.2byte	0x2
 404 0006 00000000 		.4byte	.Ldebug_info0
ARM GAS  C:\Users\student\AppData\Local\Temp\cc18MImv.s 			page 11


 405 000a 04       		.byte	0x4
 406 000b 00       		.byte	0
 407 000c 0000     		.2byte	0
 408 000e 0000     		.2byte	0
 409 0010 00000000 		.4byte	.LFB63
 410 0014 08000000 		.4byte	.LFE63-.LFB63
 411 0018 00000000 		.4byte	.LFB64
 412 001c 08000000 		.4byte	.LFE64-.LFB64
 413 0020 00000000 		.4byte	.LFB65
 414 0024 08000000 		.4byte	.LFE65-.LFB65
 415 0028 00000000 		.4byte	.LFB66
 416 002c 08000000 		.4byte	.LFE66-.LFB66
 417 0030 00000000 		.4byte	0
 418 0034 00000000 		.4byte	0
 419              		.section	.debug_ranges,"",%progbits
 420              	.Ldebug_ranges0:
 421 0000 00000000 		.4byte	.LFB63
 422 0004 08000000 		.4byte	.LFE63
 423 0008 00000000 		.4byte	.LFB64
 424 000c 08000000 		.4byte	.LFE64
 425 0010 00000000 		.4byte	.LFB65
 426 0014 08000000 		.4byte	.LFE65
 427 0018 00000000 		.4byte	.LFB66
 428 001c 08000000 		.4byte	.LFE66
 429 0020 00000000 		.4byte	0
 430 0024 00000000 		.4byte	0
 431              		.section	.debug_line,"",%progbits
 432              	.Ldebug_line0:
 433 0000 BE010000 		.section	.debug_str,"MS",%progbits,1
 433      02006D01 
 433      00000201 
 433      FB0E0D00 
 433      01010101 
 434              	.LASF6:
 435 0000 6C6F6E67 		.ascii	"long long int\000"
 435      206C6F6E 
 435      6720696E 
 435      7400
 436              	.LASF3:
 437 000e 73686F72 		.ascii	"short unsigned int\000"
 437      7420756E 
 437      7369676E 
 437      65642069 
 437      6E7400
 438              	.LASF21:
 439 0021 656D4669 		.ascii	"emFile_1_SPI0_Wakeup\000"
 439      6C655F31 
 439      5F535049 
 439      305F5761 
 439      6B657570 
 440              	.LASF8:
 441 0036 756E7369 		.ascii	"unsigned int\000"
 441      676E6564 
 441      20696E74 
 441      00
 442              	.LASF23:
 443 0043 2E5C4765 		.ascii	".\\Generated_Source\\PSoC5\\emFile_1_PM.c\000"
ARM GAS  C:\Users\student\AppData\Local\Temp\cc18MImv.s 			page 12


 443      6E657261 
 443      7465645F 
 443      536F7572 
 443      63655C50 
 444              	.LASF20:
 445 006a 656D4669 		.ascii	"emFile_1_SPI0_Sleep\000"
 445      6C655F31 
 445      5F535049 
 445      305F536C 
 445      65657000 
 446              	.LASF19:
 447 007e 656D4669 		.ascii	"emFile_1_SPI0_SaveConfig\000"
 447      6C655F31 
 447      5F535049 
 447      305F5361 
 447      7665436F 
 448              	.LASF5:
 449 0097 6C6F6E67 		.ascii	"long unsigned int\000"
 449      20756E73 
 449      69676E65 
 449      6420696E 
 449      7400
 450              	.LASF7:
 451 00a9 6C6F6E67 		.ascii	"long long unsigned int\000"
 451      206C6F6E 
 451      6720756E 
 451      7369676E 
 451      65642069 
 452              	.LASF22:
 453 00c0 474E5520 		.ascii	"GNU C 4.9.3 20150303 (release) [ARM/embedded-4_9-br"
 453      4320342E 
 453      392E3320 
 453      32303135 
 453      30333033 
 454 00f3 616E6368 		.ascii	"anch revision 221220] -mcpu=cortex-m3 -mthumb -g -O"
 454      20726576 
 454      6973696F 
 454      6E203232 
 454      31323230 
 455 0126 67202D66 		.ascii	"g -ffunction-sections -ffat-lto-objects\000"
 455      66756E63 
 455      74696F6E 
 455      2D736563 
 455      74696F6E 
 456              	.LASF1:
 457 014e 756E7369 		.ascii	"unsigned char\000"
 457      676E6564 
 457      20636861 
 457      7200
 458              	.LASF17:
 459 015c 656D4669 		.ascii	"emFile_1_Sleep\000"
 459      6C655F31 
 459      5F536C65 
 459      657000
 460              	.LASF13:
 461 016b 63686172 		.ascii	"char\000"
 461      00
ARM GAS  C:\Users\student\AppData\Local\Temp\cc18MImv.s 			page 13


 462              	.LASF18:
 463 0170 656D4669 		.ascii	"emFile_1_Wakeup\000"
 463      6C655F31 
 463      5F57616B 
 463      65757000 
 464              	.LASF4:
 465 0180 6C6F6E67 		.ascii	"long int\000"
 465      20696E74 
 465      00
 466              	.LASF12:
 467 0189 646F7562 		.ascii	"double\000"
 467      6C6500
 468              	.LASF15:
 469 0190 656D4669 		.ascii	"emFile_1_SaveConfig\000"
 469      6C655F31 
 469      5F536176 
 469      65436F6E 
 469      66696700 
 470              	.LASF25:
 471 01a4 49544D5F 		.ascii	"ITM_RxBuffer\000"
 471      52784275 
 471      66666572 
 471      00
 472              	.LASF0:
 473 01b1 7369676E 		.ascii	"signed char\000"
 473      65642063 
 473      68617200 
 474              	.LASF9:
 475 01bd 5F5F696E 		.ascii	"__int32_t\000"
 475      7433325F 
 475      7400
 476              	.LASF11:
 477 01c7 666C6F61 		.ascii	"float\000"
 477      7400
 478              	.LASF24:
 479 01cd 443A5C46 		.ascii	"D:\\FP\\LiamKovid\\KovidKonsole.cydsn\000"
 479      505C4C69 
 479      616D4B6F 
 479      7669645C 
 479      4B6F7669 
 480              	.LASF2:
 481 01f0 73686F72 		.ascii	"short int\000"
 481      7420696E 
 481      7400
 482              	.LASF10:
 483 01fa 696E7433 		.ascii	"int32_t\000"
 483      325F7400 
 484              	.LASF14:
 485 0202 73697A65 		.ascii	"sizetype\000"
 485      74797065 
 485      00
 486              	.LASF16:
 487 020b 656D4669 		.ascii	"emFile_1_RestoreConfig\000"
 487      6C655F31 
 487      5F526573 
 487      746F7265 
 487      436F6E66 
ARM GAS  C:\Users\student\AppData\Local\Temp\cc18MImv.s 			page 14


 488              		.ident	"GCC: (GNU Tools for ARM Embedded Processors) 4.9.3 20150303 (release) [ARM/embedded-4_9-br
