Archive member included because of file (symbol)

.\CortexM3\ARM_GCC_493\Debug\KovidKonsole.a(cyfitter_cfg.o)
                              .\CortexM3\ARM_GCC_493\Debug\Cm3Start.o (cyfitter_cfg)
.\CortexM3\ARM_GCC_493\Debug\KovidKonsole.a(CyBootAsmGnu.o)
                              .\CortexM3\ARM_GCC_493\Debug\KovidKonsole.a(cyfitter_cfg.o) (CyDelayCycles)
.\CortexM3\ARM_GCC_493\Debug\KovidKonsole.a(CyLib.o)
                              .\CortexM3\ARM_GCC_493\Debug\GUI_X.o (CyHalt)
.\CortexM3\ARM_GCC_493\Debug\KovidKonsole.a(cyPm.o)
                              .\CortexM3\ARM_GCC_493\Debug\KovidKonsole.a(CyLib.o) (CyPmReadStatus)
.\CortexM3\ARM_GCC_493\Debug\KovidKonsole.a(AudioTimer.o)
                              .\CortexM3\ARM_GCC_493\Debug\main.o (AudioTimer_ReadStatusRegister)
.\CortexM3\ARM_GCC_493\Debug\KovidKonsole.a(audiotimer_isr.o)
                              .\CortexM3\ARM_GCC_493\Debug\main.o (audiotimer_isr_StartEx)
.\CortexM3\ARM_GCC_493\Debug\KovidKonsole.a(SPIM_TFT.o)
                              .\CortexM3\ARM_GCC_493\Debug\tft.o (SPIM_TFT_ReadTxStatus)
.\CortexM3\ARM_GCC_493\Debug\KovidKonsole.a(SPIM_TFT_IntClock.o)
                              .\CortexM3\ARM_GCC_493\Debug\KovidKonsole.a(SPIM_TFT.o) (SPIM_TFT_IntClock_Start)
.\CortexM3\ARM_GCC_493\Debug\KovidKonsole.a(DC.o)
                              .\CortexM3\ARM_GCC_493\Debug\tft.o (DC_Write)
.\CortexM3\ARM_GCC_493\Debug\KovidKonsole.a(ADC_FlexSensor_L.o)
                              .\CortexM3\ARM_GCC_493\Debug\main.o (ADC_FlexSensor_L_Start)
.\CortexM3\ARM_GCC_493\Debug\KovidKonsole.a(ADC_FlexSensor_L_INT.o)
                              .\CortexM3\ARM_GCC_493\Debug\KovidKonsole.a(ADC_FlexSensor_L.o) (ADC_FlexSensor_L_ISR)
.\CortexM3\ARM_GCC_493\Debug\KovidKonsole.a(ADC_FlexSensor_L_theACLK.o)
                              .\CortexM3\ARM_GCC_493\Debug\KovidKonsole.a(ADC_FlexSensor_L.o) (ADC_FlexSensor_L_theACLK_SetModeRegister)
.\CortexM3\ARM_GCC_493\Debug\KovidKonsole.a(TimeStamp_Timer.o)
                              .\CortexM3\ARM_GCC_493\Debug\main.o (TimeStamp_Timer_ReadStatusRegister)
.\CortexM3\ARM_GCC_493\Debug\KovidKonsole.a(timestamp_timer_isr.o)
                              .\CortexM3\ARM_GCC_493\Debug\main.o (timestamp_timer_isr_StartEx)
.\CortexM3\ARM_GCC_493\Debug\KovidKonsole.a(ADC_FlexSensor_R.o)
                              .\CortexM3\ARM_GCC_493\Debug\main.o (ADC_FlexSensor_R_Start)
.\CortexM3\ARM_GCC_493\Debug\KovidKonsole.a(ADC_FlexSensor_R_INT.o)
                              .\CortexM3\ARM_GCC_493\Debug\KovidKonsole.a(ADC_FlexSensor_R.o) (ADC_FlexSensor_R_ISR1)
.\CortexM3\ARM_GCC_493\Debug\KovidKonsole.a(ADC_FlexSensor_R_Ext_CP_Clk.o)
                              .\CortexM3\ARM_GCC_493\Debug\KovidKonsole.a(ADC_FlexSensor_R.o) (ADC_FlexSensor_R_Ext_CP_Clk_SetModeRegister)
.\CortexM3\ARM_GCC_493\Debug\KovidKonsole.a(ADC_FlexSensor_R_theACLK.o)
                              .\CortexM3\ARM_GCC_493\Debug\KovidKonsole.a(ADC_FlexSensor_R.o) (ADC_FlexSensor_R_theACLK_SetModeRegister)
.\CortexM3\ARM_GCC_493\Debug\KovidKonsole.a(ADC_FlexSensor_R_AMux.o)
                              .\CortexM3\ARM_GCC_493\Debug\KovidKonsole.a(ADC_FlexSensor_R.o) (ADC_FlexSensor_R_AMux_Select)
.\CortexM3\ARM_GCC_493\Debug\KovidKonsole.a(SPIM_Audio.o)
                              .\CortexM3\ARM_GCC_493\Debug\main.o (SPIM_Audio_WriteTxData)
.\CortexM3\ARM_GCC_493\Debug\KovidKonsole.a(SPIM_Audio_IntClock.o)
                              .\CortexM3\ARM_GCC_493\Debug\KovidKonsole.a(SPIM_Audio.o) (SPIM_Audio_IntClock_Start)
.\CortexM3\ARM_GCC_493\Debug\KovidKonsole.a(Get_ADCs_Timer.o)
                              .\CortexM3\ARM_GCC_493\Debug\main.o (Get_ADCs_Timer_ReadStatusRegister)
.\CortexM3\ARM_GCC_493\Debug\KovidKonsole.a(get_adcs_isr.o)
                              .\CortexM3\ARM_GCC_493\Debug\main.o (get_adcs_isr_StartEx)
.\CortexM3\ARM_GCC_493\Debug\KovidKonsole.a(I2C_MASTER_L.o)
                              .\CortexM3\ARM_GCC_493\Debug\main.o (I2C_MASTER_L_Start)
.\CortexM3\ARM_GCC_493\Debug\KovidKonsole.a(I2C_MASTER_L_INT.o)
                              .\CortexM3\ARM_GCC_493\Debug\KovidKonsole.a(I2C_MASTER_L.o) (I2C_MASTER_L_ISR)
.\CortexM3\ARM_GCC_493\Debug\KovidKonsole.a(I2C_MASTER_L_PM.o)
                              .\CortexM3\ARM_GCC_493\Debug\KovidKonsole.a(I2C_MASTER_L.o) (I2C_MASTER_L_backup)
.\CortexM3\ARM_GCC_493\Debug\KovidKonsole.a(I2C_MASTER_L_MASTER.o)
                              .\CortexM3\ARM_GCC_493\Debug\KovidKonsole.a(I2C_MASTER_L.o) (I2C_MASTER_L_mstrStatus)
.\CortexM3\ARM_GCC_493\Debug\KovidKonsole.a(CyFlash.o)
                              .\CortexM3\ARM_GCC_493\Debug\KovidKonsole.a(cyPm.o) (CyFlash_SetWaitCycles)
.\CortexM3\ARM_GCC_493\Debug\KovidKonsole.a(CySpc.o)
                              .\CortexM3\ARM_GCC_493\Debug\KovidKonsole.a(CyFlash.o) (CySpcStart)
..\..\emFile\LinkLibrary\PSoC5\GCC\libemf32nosnlfn.a(FS_Dir.o)
[...]
Memory Configuration

Name             Origin             Length             Attributes
rom              0x00000000         0x00040000         xr
ram              0x1fff8000         0x00010000         xrw
*default*        0x00000000         0xffffffff

Linker script and memory map

LOAD c:/program files (x86)/cypress/psoc creator/3.3/psoc creator/import/gnu/arm/4.9.3/bin/../lib/gcc/arm-none-eabi/4.9.3/armv7-m/crti.o
LOAD c:/program files (x86)/cypress/psoc creator/3.3/psoc creator/import/gnu/arm/4.9.3/bin/../lib/gcc/arm-none-eabi/4.9.3/armv7-m/crtbegin.o
LOAD c:/program files (x86)/cypress/psoc creator/3.3/psoc creator/import/gnu/arm/4.9.3/bin/../lib/gcc/arm-none-eabi/4.9.3/../../../../arm-none-eabi/lib/armv7-m/crt0.o
START GROUP
LOAD .\CortexM3\ARM_GCC_493\Debug\main.o
LOAD .\CortexM3\ARM_GCC_493\Debug\tft.o
LOAD .\CortexM3\ARM_GCC_493\Debug\GUI_X.o
LOAD .\CortexM3\ARM_GCC_493\Debug\GUIConf.o
LOAD .\CortexM3\ARM_GCC_493\Debug\LCDConf.o
LOAD .\CortexM3\ARM_GCC_493\Debug\cymetadata.o
LOAD .\CortexM3\ARM_GCC_493\Debug\Cm3Start.o
LOAD .\CortexM3\ARM_GCC_493\Debug\KovidKonsole.a
LOAD C:\Program Files (x86)\Cypress\PSoC Creator\3.3\PSoC Creator\psoc\content\cycomponentlibrary\CyComponentLibrary.cylib\CortexM3\ARM_GCC_493\Debug\CyComponentLibrary.a
LOAD c:/program files (x86)/cypress/psoc creator/3.3/psoc creator/import/gnu/arm/4.9.3/bin/../lib/gcc/arm-none-eabi/4.9.3/../../../../arm-none-eabi/lib/armv7-m\libm.a
LOAD ..\..\emFile\LinkLibrary\PSoC5\GCC\libemf32nosnlfn.a
LOAD ..\..\emWinGraphics_v5_46\LinkLibrary\PSoC5\GCC\libemWin_nosnts_cm3_gcc.a
END GROUP
START GROUP
LOAD c:/program files (x86)/cypress/psoc creator/3.3/psoc creator/import/gnu/arm/4.9.3/bin/../lib/gcc/arm-none-eabi/4.9.3/armv7-m\libgcc.a
LOAD c:/program files (x86)/cypress/psoc creator/3.3/psoc creator/import/gnu/arm/4.9.3/bin/../lib/gcc/arm-none-eabi/4.9.3/../../../../arm-none-eabi/lib/armv7-m\libg_nano.a
LOAD c:/program files (x86)/cypress/psoc creator/3.3/psoc creator/import/gnu/arm/4.9.3/bin/../lib/gcc/arm-none-eabi/4.9.3/../../../../arm-none-eabi/lib/armv7-m\libc_nano.a
END GROUP
START GROUP
LOAD c:/program files (x86)/cypress/psoc creator/3.3/psoc creator/import/gnu/arm/4.9.3/bin/../lib/gcc/arm-none-eabi/4.9.3/armv7-m\libgcc.a
LOAD c:/program files (x86)/cypress/psoc creator/3.3/psoc creator/import/gnu/arm/4.9.3/bin/../lib/gcc/arm-none-eabi/4.9.3/../../../../arm-none-eabi/lib/armv7-m\libc_nano.a
END GROUP
LOAD c:/program files (x86)/cypress/psoc creator/3.3/psoc creator/import/gnu/arm/4.9.3/bin/../lib/gcc/arm-none-eabi/4.9.3/armv7-m/crtend.o
LOAD c:/program files (x86)/cypress/psoc creator/3.3/psoc creator/import/gnu/arm/4.9.3/bin/../lib/gcc/arm-none-eabi/4.9.3/armv7-m/crtn.o
START GROUP
LOAD c:/program files (x86)/cypress/psoc creator/3.3/psoc creator/import/gnu/arm/4.9.3/bin/../lib/gcc/arm-none-eabi/4.9.3/armv7-m\libgcc.a
LOAD c:/program files (x86)/cypress/psoc creator/3.3/psoc creator/import/gnu/arm/4.9.3/bin/../lib/gcc/arm-none-eabi/4.9.3/../../../../arm-none-eabi/lib/armv7-m\libc.a
LOAD c:/program files (x86)/cypress/psoc creator/3.3/psoc creator/import/gnu/arm/4.9.3/bin/../lib/gcc/arm-none-eabi/4.9.3/../../../../arm-none-eabi/lib/armv7-m\libnosys.a
END GROUP
                0x00000000                CY_APPL_ORIGIN = 0x0
                0x00000100                CY_FLASH_ROW_SIZE = 0x100
                0x00000020                CY_ECC_ROW_SIZE = 0x20
                0x00000000                CY_EE_IN_BTLDR = 0x0
                0x00000000                CY_APPL_LOADABLE = 0x0
                0x00000800                CY_EE_SIZE = 0x800
                0x00000001                CY_APPL_NUM = 0x1
                0x00000001                CY_APPL_MAX = 0x1
                0x00000040                CY_METADATA_SIZE = 0x40
                0x00000000                CY_APPL_LOADABLE = 0x0
                0x00000000                CY_CHECKSUM_EXCLUDE_SIZE = ALIGN (0x0, CY_FLASH_ROW_SIZE)
                0x20007778                PROVIDE (__cy_heap_start, _end)
                0x00000001                PROVIDE (__cy_region_num, ((__cy_regions_end - __cy_regions) / 0x10))
                0x20008000                PROVIDE (__cy_stack, (ORIGIN (ram) + 0x10000))
                0x20007800                PROVIDE (__cy_heap_end, (__cy_stack - 0x800))

.cybootloader   0x00000000        0x0
 *(.cybootloader)
                0x00000000                appl1_start = CY_APPL_ORIGIN?CY_APPL_ORIGIN:ALIGN (CY_FLASH_ROW_SIZE)
                0x0001ff00                appl2_start = (appl1_start + ALIGN ((((0x40000 - appl1_start) - (0x2 * CY_FLASH_ROW_SIZE)) / 0x2), CY_FLASH_ROW_SIZE))
                0x00000000                appl_start = (CY_APPL_NUM == 0x1)?appl1_start:appl2_start
                0x00000000                ecc_offset = ((appl_start / CY_FLASH_ROW_SIZE) * CY_ECC_ROW_SIZE)
                0x00000000                ee_offset = (CY_APPL_LOADABLE && ! (CY_EE_IN_BTLDR))?((CY_EE_SIZE / CY_APPL_MAX) * (CY_APPL_NUM - 0x1)):0x0
                0x00000800                ee_size = (CY_APPL_LOADABLE && ! (CY_EE_IN_BTLDR))?(CY_EE_SIZE / CY_APPL_MAX):CY_EE_SIZE
                0x00000000                PROVIDE (CY_ECC_OFFSET, ecc_offset)

.text           0x00000000     0xbd80
 CREATE_OBJECT_SYMBOLS
                0x00000000                PROVIDE (__cy_interrupt_vector, RomVectors)
 *(.romvectors)
 .romvectors    0x00000000       0x10 .\CortexM3\ARM_GCC_493\Debug\Cm3Start.o
                0x00000000                RomVectors
                0x00000001                ASSERT ((. != __cy_interrupt_vector), No interrupt vector)
                0x00000001                ASSERT (CY_APPL_ORIGIN?(SIZEOF (.cybootloader) <= CY_APPL_ORIGIN):0x1, Wrong image location)
                0x00000010                PROVIDE (__cy_reset, Reset)
 *(.text.Reset)
 .text.Reset    0x00000010       0x18 .\CortexM3\ARM_GCC_493\Debug\Cm3Start.o
                0x00000010                Reset
                0x00000001                ASSERT ((. != __cy_reset), No reset code)
 *(.dma_init)
                0x00000001                ASSERT ((((appl_start + .) <= 0x10000) || 0x1), DMA Init must be within the first 64k of flash)
 *(.text .text.* .gnu.linkonce.t.*)
 .text          0x00000028       0x5c c:/program files (x86)/cypress/psoc creator/3.3/psoc creator/import/gnu/arm/4.9.3/bin/../lib/gcc/arm-none-eabi/4.9.3/armv7-m/crtbegin.o
 .text.updateSecondsTimer
                0x00000084       0x78 .\CortexM3\ARM_GCC_493\Debug\main.o
                0x00000084                updateSecondsTimer
 .text.getADCs  0x000000fc       0xcc .\CortexM3\ARM_GCC_493\Debug\main.o
                0x000000fc                getADCs
 .text.DisplayAmplitudeBar
                0x000001c8       0xa4 .\CortexM3\ARM_GCC_493\Debug\main.o
                0x000001c8                DisplayAmplitudeBar
 .text.GUI_Initialize
                0x0000026c       0x1c .\CortexM3\ARM_GCC_493\Debug\main.o
                0x0000026c                GUI_Initialize
 .text.readWavHeader
                0x00000288      0x250 .\CortexM3\ARM_GCC_493\Debug\main.o
                0x00000288                readWavHeader
 .text.InitializeAudioFile
                0x000004d8      0x26c .\CortexM3\ARM_GCC_493\Debug\main.o
                0x000004d8                InitializeAudioFile
 *fill*         0x00000744        0x4 
 .text.playAudio
                0x00000748       0xb8 .\CortexM3\ARM_GCC_493\Debug\main.o
                0x00000748                playAudio
 .text.audioTimerISRHandler
                0x00000800       0x44 .\CortexM3\ARM_GCC_493\Debug\main.o
                0x00000800                audioTimerISRHandler
 .text.MPU_ByteWriteL
                0x00000844       0x20 .\CortexM3\ARM_GCC_493\Debug\main.o
                0x00000844                MPU_ByteWriteL
 .text.main     0x00000864      0x1e0 .\CortexM3\ARM_GCC_493\Debug\main.o
                0x00000864                main
 .text.write8_a0
                0x00000a44       0x1c .\CortexM3\ARM_GCC_493\Debug\tft.o
                0x00000a44                write8_a0
 .text.write8_a1
                0x00000a60       0x1c .\CortexM3\ARM_GCC_493\Debug\tft.o
                0x00000a60                write8_a1
 .text.writeM8_a1
                0x00000a7c       0x28 .\CortexM3\ARM_GCC_493\Debug\tft.o
                0x00000a7c                writeM8_a1
 .text.read8_a1
                0x00000aa4        0x4 .\CortexM3\ARM_GCC_493\Debug\tft.o
                0x00000aa4                read8_a1
 .text.readM8_a1
                0x00000aa8        0x4 .\CortexM3\ARM_GCC_493\Debug\tft.o
                0x00000aa8                readM8_a1
 .text.tftStart
                0x00000aac       0x3c .\CortexM3\ARM_GCC_493\Debug\tft.o
                0x00000aac                tftStart
 .text.GUI_X_Systick_Intr
                0x00000ae8       0x10 .\CortexM3\ARM_GCC_493\Debug\GUI_X.o
                0x00000ae8                GUI_X_Systick_Intr
 .text.GUI_X_Systick_Init
                0x00000af8       0x34 .\CortexM3\ARM_GCC_493\Debug\GUI_X.o
                0x00000af8                GUI_X_Systick_Init
 .text.GUI_X_Init
                0x00000b2c        0x8 .\CortexM3\ARM_GCC_493\Debug\GUI_X.o
                0x00000b2c                GUI_X_Init
 .text.GUI_X_Config
                0x00000b34       0x1c .\CortexM3\ARM_GCC_493\Debug\GUIConf.o
                0x00000b34                GUI_X_Config
 .text._InitController
                0x00000b50        0x8 .\CortexM3\ARM_GCC_493\Debug\LCDConf.o
 .text.LCD_X_Config
                0x00000b58       0x94 .\CortexM3\ARM_GCC_493\Debug\LCDConf.o
                0x00000b58                LCD_X_Config
 .text.LCD_X_DisplayDriver
                0x00000bec       0x14 .\CortexM3\ARM_GCC_493\Debug\LCDConf.o
                0x00000bec                LCD_X_DisplayDriver
 .text.IntDefaultHandler
                0x00000c00        0x4 .\CortexM3\ARM_GCC_493\Debug\Cm3Start.o
                0x00000c00                IntDefaultHandler
 .text._sbrk    0x00000c04       0x30 .\CortexM3\ARM_GCC_493\Debug\Cm3Start.o
                0x00000c04                _sbrk
 .text.Start_c  0x00000c34       0x4c .\CortexM3\ARM_GCC_493\Debug\Cm3Start.o
                0x00000c34                Start_c
 .text.initialize_psoc
                0x00000c80       0x74 .\CortexM3\ARM_GCC_493\Debug\Cm3Start.o
                0x00000c80                initialize_psoc
 .text.CyClockStartupError
                0x00000cf4        0x4 .\CortexM3\ARM_GCC_493\Debug\KovidKonsole.a(cyfitter_cfg.o)
 .text.cfg_write_bytes32
                0x00000cf8       0x34 .\CortexM3\ARM_GCC_493\Debug\KovidKonsole.a(cyfitter_cfg.o)
 .text.CYMEMZERO
                0x00000d2c        0xc .\CortexM3\ARM_GCC_493\Debug\KovidKonsole.a(cyfitter_cfg.o)
 .text.AnalogSetDefault
                0x00000d38       0x8c .\CortexM3\ARM_GCC_493\Debug\KovidKonsole.a(cyfitter_cfg.o)
 .text.CYCONFIGCPY
                0x00000dc4        0x8 .\CortexM3\ARM_GCC_493\Debug\KovidKonsole.a(cyfitter_cfg.o)
 .text.ClockSetup
                0x00000dcc      0x110 .\CortexM3\ARM_GCC_493\Debug\KovidKonsole.a(cyfitter_cfg.o)
 .text.ADC_FlexSensor_R_AMux_Set
                0x00000edc       0x1c .\CortexM3\ARM_GCC_493\Debug\KovidKonsole.a(cyfitter_cfg.o)
                0x00000edc                ADC_FlexSensor_R_AMux_Set
 .text.ADC_FlexSensor_R_AMux_Unset
                0x00000ef8       0x1c .\CortexM3\ARM_GCC_493\Debug\KovidKonsole.a(cyfitter_cfg.o)
                0x00000ef8                ADC_FlexSensor_R_AMux_Unset
 .text.cyfitter_cfg
                0x00000f14      0x144 .\CortexM3\ARM_GCC_493\Debug\KovidKonsole.a(cyfitter_cfg.o)
                0x00000f14                cyfitter_cfg
 .text          0x00001058       0x20 .\CortexM3\ARM_GCC_493\Debug\KovidKonsole.a(CyBootAsmGnu.o)
                0x00001058                CyDelayCycles
                0x00001068                CyEnterCriticalSection
                0x00001070                CyExitCriticalSection
 .text.CyHalt   0x00001078        0x4 .\CortexM3\ARM_GCC_493\Debug\KovidKonsole.a(CyLib.o)
                0x00001078                CyHalt
 .text.CyDelay  0x0000107c       0x2c .\CortexM3\ARM_GCC_493\Debug\KovidKonsole.a(CyLib.o)
                0x0000107c                CyDelay
 .text.CyDelayUs
                0x000010a8       0x14 .\CortexM3\ARM_GCC_493\Debug\KovidKonsole.a(CyLib.o)
                0x000010a8                CyDelayUs
 .text.CyIntSetSysVector
                0x000010bc       0x28 .\CortexM3\ARM_GCC_493\Debug\KovidKonsole.a(CyLib.o)
                0x000010bc                CyIntSetSysVector
 .text.CyIntSetVector
                0x000010e4       0x28 .\CortexM3\ARM_GCC_493\Debug\KovidKonsole.a(CyLib.o)
                0x000010e4                CyIntSetVector
 .text.CyIntSetPriority
                0x0000110c       0x30 .\CortexM3\ARM_GCC_493\Debug\KovidKonsole.a(CyLib.o)
                0x0000110c                CyIntSetPriority
 .text.CySysTickEnableInterrupt
                0x0000113c       0x10 .\CortexM3\ARM_GCC_493\Debug\KovidKonsole.a(CyLib.o)
                0x0000113c                CySysTickEnableInterrupt
 .text.CySysTickEnable
                0x0000114c       0x18 .\CortexM3\ARM_GCC_493\Debug\KovidKonsole.a(CyLib.o)
                0x0000114c                CySysTickEnable
 .text.CySysTickSetReload
                0x00001164       0x10 .\CortexM3\ARM_GCC_493\Debug\KovidKonsole.a(CyLib.o)
                0x00001164                CySysTickSetReload
 .text.CySysTickSetClockSource
                0x00001174       0x20 .\CortexM3\ARM_GCC_493\Debug\KovidKonsole.a(CyLib.o)
                0x00001174                CySysTickSetClockSource
 .text.CySysTickGetCountFlag
                0x00001194       0x10 .\CortexM3\ARM_GCC_493\Debug\KovidKonsole.a(CyLib.o)
                0x00001194                CySysTickGetCountFlag
 .text.CySysTickServiceCallbacks
                0x000011a4       0x28 .\CortexM3\ARM_GCC_493\Debug\KovidKonsole.a(CyLib.o)
 .text.CySysTickClear
                0x000011cc        0xc .\CortexM3\ARM_GCC_493\Debug\KovidKonsole.a(CyLib.o)
                0x000011cc                CySysTickClear
 .text.CySysTickInit
                0x000011d8       0x58 .\CortexM3\ARM_GCC_493\Debug\KovidKonsole.a(CyLib.o)
                0x000011d8                CySysTickInit
 .text.CySysTickStart
                0x00001230       0x1c .\CortexM3\ARM_GCC_493\Debug\KovidKonsole.a(CyLib.o)
                0x00001230                CySysTickStart
 .text.CySysTickSetCallback
                0x0000124c       0x10 .\CortexM3\ARM_GCC_493\Debug\KovidKonsole.a(CyLib.o)
                0x0000124c                CySysTickSetCallback
 .text.CySysTickGetCallback
                0x0000125c       0x10 .\CortexM3\ARM_GCC_493\Debug\KovidKonsole.a(CyLib.o)
                0x0000125c                CySysTickGetCallback
 .text.AudioTimer_Enable
                0x0000126c       0x28 .\CortexM3\ARM_GCC_493\Debug\KovidKonsole.a(AudioTimer.o)
                0x0000126c                AudioTimer_Enable
 .text.AudioTimer_SetInterruptMode
                0x00001294        0xc .\CortexM3\ARM_GCC_493\Debug\KovidKonsole.a(AudioTimer.o)
                0x00001294                AudioTimer_SetInterruptMode
 .text.AudioTimer_ReadStatusRegister
                0x000012a0        0xc .\CortexM3\ARM_GCC_493\Debug\KovidKonsole.a(AudioTimer.o)
                0x000012a0                AudioTimer_ReadStatusRegister
 .text.AudioTimer_WritePeriod
                0x000012ac        0xc .\CortexM3\ARM_GCC_493\Debug\KovidKonsole.a(AudioTimer.o)
                0x000012ac                AudioTimer_WritePeriod
 .text.AudioTimer_WriteCounter
                0x000012b8        0xc .\CortexM3\ARM_GCC_493\Debug\KovidKonsole.a(AudioTimer.o)
                0x000012b8                AudioTimer_WriteCounter
 .text.AudioTimer_Init
                0x000012c4       0x68 .\CortexM3\ARM_GCC_493\Debug\KovidKonsole.a(AudioTimer.o)
                0x000012c4                AudioTimer_Init
 .text.AudioTimer_Start
                0x0000132c       0x1c .\CortexM3\ARM_GCC_493\Debug\KovidKonsole.a(AudioTimer.o)
                0x0000132c                AudioTimer_Start
 .text.audiotimer_isr_SetVector
                0x00001348       0x10 .\CortexM3\ARM_GCC_493\Debug\KovidKonsole.a(audiotimer_isr.o)
                0x00001348                audiotimer_isr_SetVector
 .text.audiotimer_isr_SetPriority
                0x00001358       0x10 .\CortexM3\ARM_GCC_493\Debug\KovidKonsole.a(audiotimer_isr.o)
                0x00001358                audiotimer_isr_SetPriority
 .text.audiotimer_isr_Enable
                0x00001368       0x10 .\CortexM3\ARM_GCC_493\Debug\KovidKonsole.a(audiotimer_isr.o)
                0x00001368                audiotimer_isr_Enable
 .text.audiotimer_isr_Disable
                0x00001378       0x10 .\CortexM3\ARM_GCC_493\Debug\KovidKonsole.a(audiotimer_isr.o)
                0x00001378                audiotimer_isr_Disable
 .text.audiotimer_isr_StartEx
                0x00001388       0x1c .\CortexM3\ARM_GCC_493\Debug\KovidKonsole.a(audiotimer_isr.o)
                0x00001388                audiotimer_isr_StartEx
 .text.SPIM_TFT_Enable
                0x000013a4       0x34 .\CortexM3\ARM_GCC_493\Debug\KovidKonsole.a(SPIM_TFT.o)
                0x000013a4                SPIM_TFT_Enable
 .text.SPIM_TFT_ReadTxStatus
                0x000013d8        0xc .\CortexM3\ARM_GCC_493\Debug\KovidKonsole.a(SPIM_TFT.o)
                0x000013d8                SPIM_TFT_ReadTxStatus
 .text.SPIM_TFT_ReadRxStatus
                0x000013e4        0xc .\CortexM3\ARM_GCC_493\Debug\KovidKonsole.a(SPIM_TFT.o)
                0x000013e4                SPIM_TFT_ReadRxStatus
 .text.SPIM_TFT_WriteTxData
                0x000013f0       0x18 .\CortexM3\ARM_GCC_493\Debug\KovidKonsole.a(SPIM_TFT.o)
                0x000013f0                SPIM_TFT_WriteTxData
 .text.SPIM_TFT_ClearFIFO
                0x00001408       0x3c .\CortexM3\ARM_GCC_493\Debug\KovidKonsole.a(SPIM_TFT.o)
                0x00001408                SPIM_TFT_ClearFIFO
 .text.SPIM_TFT_Init
                0x00001444       0x28 .\CortexM3\ARM_GCC_493\Debug\KovidKonsole.a(SPIM_TFT.o)
                0x00001444                SPIM_TFT_Init
 .text.SPIM_TFT_Start
                0x0000146c       0x1c .\CortexM3\ARM_GCC_493\Debug\KovidKonsole.a(SPIM_TFT.o)
                0x0000146c                SPIM_TFT_Start
 .text.SPIM_TFT_IntClock_Start
                0x00001488       0x1c .\CortexM3\ARM_GCC_493\Debug\KovidKonsole.a(SPIM_TFT_IntClock.o)
                0x00001488                SPIM_TFT_IntClock_Start
 .text.DC_Write
                0x000014a4       0x18 .\CortexM3\ARM_GCC_493\Debug\KovidKonsole.a(DC.o)
                0x000014a4                DC_Write
 .text.ADC_FlexSensor_L_CalcGain
                0x000014bc       0x64 .\CortexM3\ARM_GCC_493\Debug\KovidKonsole.a(ADC_FlexSensor_L.o)
 .text.ADC_FlexSensor_L_Enable
                0x00001520       0x94 .\CortexM3\ARM_GCC_493\Debug\KovidKonsole.a(ADC_FlexSensor_L.o)
                0x00001520                ADC_FlexSensor_L_Enable
 .text.ADC_FlexSensor_L_SetResolution
                0x000015b4       0x38 .\CortexM3\ARM_GCC_493\Debug\KovidKonsole.a(ADC_FlexSensor_L.o)
                0x000015b4                ADC_FlexSensor_L_SetResolution
 .text.ADC_FlexSensor_L_Init
                0x000015ec       0x3c .\CortexM3\ARM_GCC_493\Debug\KovidKonsole.a(ADC_FlexSensor_L.o)
                0x000015ec                ADC_FlexSensor_L_Init
 .text.ADC_FlexSensor_L_Start
                0x00001628       0x1c .\CortexM3\ARM_GCC_493\Debug\KovidKonsole.a(ADC_FlexSensor_L.o)
                0x00001628                ADC_FlexSensor_L_Start
 .text.ADC_FlexSensor_L_StartConvert
                0x00001644       0x10 .\CortexM3\ARM_GCC_493\Debug\KovidKonsole.a(ADC_FlexSensor_L.o)
                0x00001644                ADC_FlexSensor_L_StartConvert
 .text.ADC_FlexSensor_L_IsEndConversion
                0x00001654       0x24 .\CortexM3\ARM_GCC_493\Debug\KovidKonsole.a(ADC_FlexSensor_L.o)
                0x00001654                ADC_FlexSensor_L_IsEndConversion
 .text.ADC_FlexSensor_L_GetResult16
                0x00001678       0x18 .\CortexM3\ARM_GCC_493\Debug\KovidKonsole.a(ADC_FlexSensor_L.o)
                0x00001678                ADC_FlexSensor_L_GetResult16
 .text.ADC_FlexSensor_L_ISR
                0x00001690        0x4 .\CortexM3\ARM_GCC_493\Debug\KovidKonsole.a(ADC_FlexSensor_L_INT.o)
                0x00001690                ADC_FlexSensor_L_ISR
 .text.ADC_FlexSensor_L_theACLK_SetModeRegister
                0x00001694       0x14 .\CortexM3\ARM_GCC_493\Debug\KovidKonsole.a(ADC_FlexSensor_L_theACLK.o)
                0x00001694                ADC_FlexSensor_L_theACLK_SetModeRegister
 .text.TimeStamp_Timer_Enable
                0x000016a8       0x10 .\CortexM3\ARM_GCC_493\Debug\KovidKonsole.a(TimeStamp_Timer.o)
                0x000016a8                TimeStamp_Timer_Enable
 .text.TimeStamp_Timer_SetInterruptMode
                0x000016b8        0xc .\CortexM3\ARM_GCC_493\Debug\KovidKonsole.a(TimeStamp_Timer.o)
                0x000016b8                TimeStamp_Timer_SetInterruptMode
 .text.TimeStamp_Timer_ReadStatusRegister
                0x000016c4        0xc .\CortexM3\ARM_GCC_493\Debug\KovidKonsole.a(TimeStamp_Timer.o)
                0x000016c4                TimeStamp_Timer_ReadStatusRegister
 .text.TimeStamp_Timer_WritePeriod
                0x000016d0        0xc .\CortexM3\ARM_GCC_493\Debug\KovidKonsole.a(TimeStamp_Timer.o)
                0x000016d0                TimeStamp_Timer_WritePeriod
 .text.TimeStamp_Timer_ReadCapture
                0x000016dc        0xc .\CortexM3\ARM_GCC_493\Debug\KovidKonsole.a(TimeStamp_Timer.o)
                0x000016dc                TimeStamp_Timer_ReadCapture
 .text.TimeStamp_Timer_WriteCounter
                0x000016e8        0xc .\CortexM3\ARM_GCC_493\Debug\KovidKonsole.a(TimeStamp_Timer.o)
                0x000016e8                TimeStamp_Timer_WriteCounter
 .text.TimeStamp_Timer_ClearFIFO
                0x000016f4       0x14 .\CortexM3\ARM_GCC_493\Debug\KovidKonsole.a(TimeStamp_Timer.o)
                0x000016f4                TimeStamp_Timer_ClearFIFO
 .text.TimeStamp_Timer_Init
                0x00001708       0x38 .\CortexM3\ARM_GCC_493\Debug\KovidKonsole.a(TimeStamp_Timer.o)
                0x00001708                TimeStamp_Timer_Init
 .text.TimeStamp_Timer_Start
                0x00001740       0x1c .\CortexM3\ARM_GCC_493\Debug\KovidKonsole.a(TimeStamp_Timer.o)
                0x00001740                TimeStamp_Timer_Start
 .text.timestamp_timer_isr_SetVector
                0x0000175c        0xc .\CortexM3\ARM_GCC_493\Debug\KovidKonsole.a(timestamp_timer_isr.o)
                0x0000175c                timestamp_timer_isr_SetVector
 .text.timestamp_timer_isr_SetPriority
                0x00001768       0x10 .\CortexM3\ARM_GCC_493\Debug\KovidKonsole.a(timestamp_timer_isr.o)
                0x00001768                timestamp_timer_isr_SetPriority
 .text.timestamp_timer_isr_Enable
                0x00001778        0xc .\CortexM3\ARM_GCC_493\Debug\KovidKonsole.a(timestamp_timer_isr.o)
                0x00001778                timestamp_timer_isr_Enable
 .text.timestamp_timer_isr_Disable
                0x00001784        0xc .\CortexM3\ARM_GCC_493\Debug\KovidKonsole.a(timestamp_timer_isr.o)
                0x00001784                timestamp_timer_isr_Disable
 .text.timestamp_timer_isr_StartEx
                0x00001790       0x1c .\CortexM3\ARM_GCC_493\Debug\KovidKonsole.a(timestamp_timer_isr.o)
                0x00001790                timestamp_timer_isr_StartEx
 .text.ADC_FlexSensor_R_GainCompensation
                0x000017ac       0xd0 .\CortexM3\ARM_GCC_493\Debug\KovidKonsole.a(ADC_FlexSensor_R.o)
 .text.ADC_FlexSensor_R_SetDSMRef0Reg
                0x0000187c       0x4c .\CortexM3\ARM_GCC_493\Debug\KovidKonsole.a(ADC_FlexSensor_R.o)
 .text.ADC_FlexSensor_R_InitConfig
                0x000018c8      0x32c .\CortexM3\ARM_GCC_493\Debug\KovidKonsole.a(ADC_FlexSensor_R.o)
 .text.ADC_FlexSensor_R_Init
                0x00001bf4      0x108 .\CortexM3\ARM_GCC_493\Debug\KovidKonsole.a(ADC_FlexSensor_R.o)
                0x00001bf4                ADC_FlexSensor_R_Init
 .text.ADC_FlexSensor_R_Enable
                0x00001cfc       0xd8 .\CortexM3\ARM_GCC_493\Debug\KovidKonsole.a(ADC_FlexSensor_R.o)
                0x00001cfc                ADC_FlexSensor_R_Enable
 .text.ADC_FlexSensor_R_Start
                0x00001dd4       0x28 .\CortexM3\ARM_GCC_493\Debug\KovidKonsole.a(ADC_FlexSensor_R.o)
                0x00001dd4                ADC_FlexSensor_R_Start
 .text.ADC_FlexSensor_R_StartConvert
                0x00001dfc       0x10 .\CortexM3\ARM_GCC_493\Debug\KovidKonsole.a(ADC_FlexSensor_R.o)
                0x00001dfc                ADC_FlexSensor_R_StartConvert
 .text.ADC_FlexSensor_R_IsEndConversion
                0x00001e0c       0x30 .\CortexM3\ARM_GCC_493\Debug\KovidKonsole.a(ADC_FlexSensor_R.o)
                0x00001e0c                ADC_FlexSensor_R_IsEndConversion
 .text.ADC_FlexSensor_R_GetResult16
                0x00001e3c       0x50 .\CortexM3\ARM_GCC_493\Debug\KovidKonsole.a(ADC_FlexSensor_R.o)
                0x00001e3c                ADC_FlexSensor_R_GetResult16
 .text.ADC_FlexSensor_R_ISR1
                0x00001e8c        0x4 .\CortexM3\ARM_GCC_493\Debug\KovidKonsole.a(ADC_FlexSensor_R_INT.o)
                0x00001e8c                ADC_FlexSensor_R_ISR1
 .text.ADC_FlexSensor_R_ISR2
                0x00001e90        0x4 .\CortexM3\ARM_GCC_493\Debug\KovidKonsole.a(ADC_FlexSensor_R_INT.o)
                0x00001e90                ADC_FlexSensor_R_ISR2
 .text.ADC_FlexSensor_R_ISR3
                0x00001e94        0x4 .\CortexM3\ARM_GCC_493\Debug\KovidKonsole.a(ADC_FlexSensor_R_INT.o)
                0x00001e94                ADC_FlexSensor_R_ISR3
 .text.ADC_FlexSensor_R_ISR4
                0x00001e98        0x4 .\CortexM3\ARM_GCC_493\Debug\KovidKonsole.a(ADC_FlexSensor_R_INT.o)
                0x00001e98                ADC_FlexSensor_R_ISR4
 .text.ADC_FlexSensor_R_Ext_CP_Clk_GetDividerRegister
                0x00001e9c        0xc .\CortexM3\ARM_GCC_493\Debug\KovidKonsole.a(ADC_FlexSensor_R_Ext_CP_Clk.o)
                0x00001e9c                ADC_FlexSensor_R_Ext_CP_Clk_GetDividerRegister
 .text.ADC_FlexSensor_R_Ext_CP_Clk_SetModeRegister
                0x00001ea8       0x14 .\CortexM3\ARM_GCC_493\Debug\KovidKonsole.a(ADC_FlexSensor_R_Ext_CP_Clk.o)
                0x00001ea8                ADC_FlexSensor_R_Ext_CP_Clk_SetModeRegister
 .text.ADC_FlexSensor_R_Ext_CP_Clk_GetSourceRegister
                0x00001ebc       0x10 .\CortexM3\ARM_GCC_493\Debug\KovidKonsole.a(ADC_FlexSensor_R_Ext_CP_Clk.o)
                0x00001ebc                ADC_FlexSensor_R_Ext_CP_Clk_GetSourceRegister
 .text.ADC_FlexSensor_R_Ext_CP_Clk_SetDividerRegister
                0x00001ecc       0xd8 .\CortexM3\ARM_GCC_493\Debug\KovidKonsole.a(ADC_FlexSensor_R_Ext_CP_Clk.o)
                0x00001ecc                ADC_FlexSensor_R_Ext_CP_Clk_SetDividerRegister
 .text.ADC_FlexSensor_R_theACLK_GetDividerRegister
                0x00001fa4        0xc .\CortexM3\ARM_GCC_493\Debug\KovidKonsole.a(ADC_FlexSensor_R_theACLK.o)
                0x00001fa4                ADC_FlexSensor_R_theACLK_GetDividerRegister
 .text.ADC_FlexSensor_R_theACLK_SetModeRegister
                0x00001fb0       0x14 .\CortexM3\ARM_GCC_493\Debug\KovidKonsole.a(ADC_FlexSensor_R_theACLK.o)
                0x00001fb0                ADC_FlexSensor_R_theACLK_SetModeRegister
 .text.ADC_FlexSensor_R_theACLK_GetSourceRegister
                0x00001fc4       0x10 .\CortexM3\ARM_GCC_493\Debug\KovidKonsole.a(ADC_FlexSensor_R_theACLK.o)
                0x00001fc4                ADC_FlexSensor_R_theACLK_GetSourceRegister
 .text.ADC_FlexSensor_R_theACLK_SetDividerRegister
                0x00001fd4       0xd8 .\CortexM3\ARM_GCC_493\Debug\KovidKonsole.a(ADC_FlexSensor_R_theACLK.o)
                0x00001fd4                ADC_FlexSensor_R_theACLK_SetDividerRegister
 .text.ADC_FlexSensor_R_AMux_Start
                0x000020ac       0x20 .\CortexM3\ARM_GCC_493\Debug\KovidKonsole.a(ADC_FlexSensor_R_AMux.o)
                0x000020ac                ADC_FlexSensor_R_AMux_Start
 .text.ADC_FlexSensor_R_AMux_Select
                0x000020cc       0x18 .\CortexM3\ARM_GCC_493\Debug\KovidKonsole.a(ADC_FlexSensor_R_AMux.o)
                0x000020cc                ADC_FlexSensor_R_AMux_Select
 .text.SPIM_Audio_Enable
                0x000020e4       0x34 .\CortexM3\ARM_GCC_493\Debug\KovidKonsole.a(SPIM_Audio.o)
                0x000020e4                SPIM_Audio_Enable
 .text.SPIM_Audio_ReadTxStatus
                0x00002118        0xc .\CortexM3\ARM_GCC_493\Debug\KovidKonsole.a(SPIM_Audio.o)
                0x00002118                SPIM_Audio_ReadTxStatus
 .text.SPIM_Audio_ReadRxStatus
                0x00002124        0xc .\CortexM3\ARM_GCC_493\Debug\KovidKonsole.a(SPIM_Audio.o)
                0x00002124                SPIM_Audio_ReadRxStatus
 .text.SPIM_Audio_WriteTxData
                0x00002130       0x18 .\CortexM3\ARM_GCC_493\Debug\KovidKonsole.a(SPIM_Audio.o)
                0x00002130                SPIM_Audio_WriteTxData
 .text.SPIM_Audio_ClearFIFO
                0x00002148       0x4c .\CortexM3\ARM_GCC_493\Debug\KovidKonsole.a(SPIM_Audio.o)
                0x00002148                SPIM_Audio_ClearFIFO
 .text.SPIM_Audio_Init
                0x00002194       0x28 .\CortexM3\ARM_GCC_493\Debug\KovidKonsole.a(SPIM_Audio.o)
                0x00002194                SPIM_Audio_Init
 .text.SPIM_Audio_Start
                0x000021bc       0x1c .\CortexM3\ARM_GCC_493\Debug\KovidKonsole.a(SPIM_Audio.o)
                0x000021bc                SPIM_Audio_Start
 .text.SPIM_Audio_IntClock_Start
                0x000021d8       0x1c .\CortexM3\ARM_GCC_493\Debug\KovidKonsole.a(SPIM_Audio_IntClock.o)
                0x000021d8                SPIM_Audio_IntClock_Start
 .text.Get_ADCs_Timer_Enable
                0x000021f4       0x10 .\CortexM3\ARM_GCC_493\Debug\KovidKonsole.a(Get_ADCs_Timer.o)
                0x000021f4                Get_ADCs_Timer_Enable
 .text.Get_ADCs_Timer_SetInterruptMode
                0x00002204        0xc .\CortexM3\ARM_GCC_493\Debug\KovidKonsole.a(Get_ADCs_Timer.o)
                0x00002204                Get_ADCs_Timer_SetInterruptMode
 .text.Get_ADCs_Timer_ReadStatusRegister
                0x00002210        0xc .\CortexM3\ARM_GCC_493\Debug\KovidKonsole.a(Get_ADCs_Timer.o)
                0x00002210                Get_ADCs_Timer_ReadStatusRegister
 .text.Get_ADCs_Timer_WritePeriod
                0x0000221c        0xc .\CortexM3\ARM_GCC_493\Debug\KovidKonsole.a(Get_ADCs_Timer.o)
                0x0000221c                Get_ADCs_Timer_WritePeriod
 .text.Get_ADCs_Timer_ReadCapture
                0x00002228        0xc .\CortexM3\ARM_GCC_493\Debug\KovidKonsole.a(Get_ADCs_Timer.o)
                0x00002228                Get_ADCs_Timer_ReadCapture
 .text.Get_ADCs_Timer_WriteCounter
                0x00002234        0xc .\CortexM3\ARM_GCC_493\Debug\KovidKonsole.a(Get_ADCs_Timer.o)
                0x00002234                Get_ADCs_Timer_WriteCounter
 .text.Get_ADCs_Timer_ClearFIFO
                0x00002240       0x14 .\CortexM3\ARM_GCC_493\Debug\KovidKonsole.a(Get_ADCs_Timer.o)
                0x00002240                Get_ADCs_Timer_ClearFIFO
 .text.Get_ADCs_Timer_Init
                0x00002254       0x38 .\CortexM3\ARM_GCC_493\Debug\KovidKonsole.a(Get_ADCs_Timer.o)
                0x00002254                Get_ADCs_Timer_Init
 .text.Get_ADCs_Timer_Start
                0x0000228c       0x1c .\CortexM3\ARM_GCC_493\Debug\KovidKonsole.a(Get_ADCs_Timer.o)
                0x0000228c                Get_ADCs_Timer_Start
 .text.get_adcs_isr_SetVector
                0x000022a8        0xc .\CortexM3\ARM_GCC_493\Debug\KovidKonsole.a(get_adcs_isr.o)
                0x000022a8                get_adcs_isr_SetVector
 .text.get_adcs_isr_SetPriority
                0x000022b4       0x10 .\CortexM3\ARM_GCC_493\Debug\KovidKonsole.a(get_adcs_isr.o)
                0x000022b4                get_adcs_isr_SetPriority
 .text.get_adcs_isr_Enable
                0x000022c4        0xc .\CortexM3\ARM_GCC_493\Debug\KovidKonsole.a(get_adcs_isr.o)
                0x000022c4                get_adcs_isr_Enable
 .text.get_adcs_isr_Disable
                0x000022d0        0xc .\CortexM3\ARM_GCC_493\Debug\KovidKonsole.a(get_adcs_isr.o)
                0x000022d0                get_adcs_isr_Disable
 .text.get_adcs_isr_StartEx
                0x000022dc       0x1c .\CortexM3\ARM_GCC_493\Debug\KovidKonsole.a(get_adcs_isr.o)
                0x000022dc                get_adcs_isr_StartEx
 .text.I2C_MASTER_L_Init
                0x000022f8       0x68 .\CortexM3\ARM_GCC_493\Debug\KovidKonsole.a(I2C_MASTER_L.o)
                0x000022f8                I2C_MASTER_L_Init
 .text.I2C_MASTER_L_Enable
                0x00002360       0x24 .\CortexM3\ARM_GCC_493\Debug\KovidKonsole.a(I2C_MASTER_L.o)
                0x00002360                I2C_MASTER_L_Enable
 .text.I2C_MASTER_L_Start
                0x00002384       0x28 .\CortexM3\ARM_GCC_493\Debug\KovidKonsole.a(I2C_MASTER_L.o)
                0x00002384                I2C_MASTER_L_Start
 .text.I2C_MASTER_L_ISR
                0x000023ac      0x2cc .\CortexM3\ARM_GCC_493\Debug\KovidKonsole.a(I2C_MASTER_L_INT.o)
                0x000023ac                I2C_MASTER_L_ISR
 .text.I2C_MASTER_L_MasterSendStart
                0x00002678       0x80 .\CortexM3\ARM_GCC_493\Debug\KovidKonsole.a(I2C_MASTER_L_MASTER.o)
                0x00002678                I2C_MASTER_L_MasterSendStart
 .text.I2C_MASTER_L_MasterSendStop
                0x000026f8       0x38 .\CortexM3\ARM_GCC_493\Debug\KovidKonsole.a(I2C_MASTER_L_MASTER.o)
                0x000026f8                I2C_MASTER_L_MasterSendStop
 .text.I2C_MASTER_L_MasterWriteByte
                0x00002730       0x58 .\CortexM3\ARM_GCC_493\Debug\KovidKonsole.a(I2C_MASTER_L_MASTER.o)
                0x00002730                I2C_MASTER_L_MasterWriteByte
 .text.FS__FindClose
                0x00002788        0x6 ..\..\emFile\LinkLibrary\PSoC5\GCC\libemf32nosnlfn.a(FS_Dir.o)
                0x00002788                FS__FindClose
 .text.FS_FindClose
                0x0000278e        0x4 ..\..\emFile\LinkLibrary\PSoC5\GCC\libemf32nosnlfn.a(FS_Dir.o)
                0x0000278e                FS_FindClose
 .text.FS__FindFirstFileEx
                0x00002792       0x86 ..\..\emFile\LinkLibrary\PSoC5\GCC\libemf32nosnlfn.a(FS_Dir.o)
                0x00002792                FS__FindFirstFileEx
 .text.FS__FindFirstFile
                0x00002818       0x2e ..\..\emFile\LinkLibrary\PSoC5\GCC\libemf32nosnlfn.a(FS_Dir.o)
                0x00002818                FS__FindFirstFile
 .text.FS_FindFirstFile
                0x00002846        0xa ..\..\emFile\LinkLibrary\PSoC5\GCC\libemf32nosnlfn.a(FS_Dir.o)
                0x00002846                FS_FindFirstFile
 .text.FS__AllocSectorBuffer
                0x00002850       0x2c ..\..\emFile\LinkLibrary\PSoC5\GCC\libemf32nosnlfn.a(FS_Misc.o)
                0x00002850                FS__AllocSectorBuffer
 .text.FS__FreeSectorBuffer
                0x0000287c       0x28 ..\..\emFile\LinkLibrary\PSoC5\GCC\libemf32nosnlfn.a(FS_Misc.o)
                0x0000287c                FS__FreeSectorBuffer
 .text.FS__SB_MarkDirty
                0x000028a4        0x6 ..\..\emFile\LinkLibrary\PSoC5\GCC\libemf32nosnlfn.a(FS_Misc.o)
                0x000028a4                FS__SB_MarkDirty
 .text.FS__SB_MarkNotDirty
                0x000028aa        0x6 ..\..\emFile\LinkLibrary\PSoC5\GCC\libemf32nosnlfn.a(FS_Misc.o)
                0x000028aa                FS__SB_MarkNotDirty
 .text.FS__FreeFileHandle
                0x000028b0        0xa ..\..\emFile\LinkLibrary\PSoC5\GCC\libemf32nosnlfn.a(FS_Misc.o)
                0x000028b0                FS__FreeFileHandle
 .text.FS__FreeFileObj
                0x000028ba        0xc ..\..\emFile\LinkLibrary\PSoC5\GCC\libemf32nosnlfn.a(FS_Misc.o)
                0x000028ba                FS__FreeFileObj
 *fill*         0x000028c6        0x2 
 .text.FS_Init  0x000028c8       0x58 ..\..\emFile\LinkLibrary\PSoC5\GCC\libemf32nosnlfn.a(FS_Misc.o)
                0x000028c8                FS_Init
 .text.FS__SB_Create
                0x00002920       0x28 ..\..\emFile\LinkLibrary\PSoC5\GCC\libemf32nosnlfn.a(FS_Misc.o)
                0x00002920                FS__SB_Create
 .text.FS__FCloseNL
                0x00002948       0x1e ..\..\emFile\LinkLibrary\PSoC5\GCC\libemf32nosnlfn.a(FS_Misc.o)
                0x00002948                FS__FCloseNL
 .text.FS__FClose
                0x00002966       0x1a ..\..\emFile\LinkLibrary\PSoC5\GCC\libemf32nosnlfn.a(FS_Misc.o)
                0x00002966                FS__FClose
 .text.FS_FClose
                0x00002980        0xa ..\..\emFile\LinkLibrary\PSoC5\GCC\libemf32nosnlfn.a(FS_Misc.o)
                0x00002980                FS_FClose
 *fill*         0x0000298a        0x2 
 .text.FS__AllocFileObj
                0x0000298c       0x48 ..\..\emFile\LinkLibrary\PSoC5\GCC\libemf32nosnlfn.a(FS_Misc.o)
                0x0000298c                FS__AllocFileObj
 .text.FS__AllocFileHandle
                0x000029d4       0x40 ..\..\emFile\LinkLibrary\PSoC5\GCC\libemf32nosnlfn.a(FS_Misc.o)
                0x000029d4                FS__AllocFileHandle
 .text.FS__OpenEx
                0x00002a14       0x58 ..\..\emFile\LinkLibrary\PSoC5\GCC\libemf32nosnlfn.a(FS_Misc.o)
                0x00002a14                FS__OpenEx
 .text.FS__FOpenEx
                0x00002a6c       0x56 ..\..\emFile\LinkLibrary\PSoC5\GCC\libemf32nosnlfn.a(FS_Misc.o)
                0x00002a6c                FS__FOpenEx
 *fill*         0x00002ac2        0x2 
 .text.FS__FOpen
                0x00002ac4       0x48 ..\..\emFile\LinkLibrary\PSoC5\GCC\libemf32nosnlfn.a(FS_Misc.o)
                0x00002ac4                FS__FOpen
 .text.FS_FOpen
                0x00002b0c        0x4 ..\..\emFile\LinkLibrary\PSoC5\GCC\libemf32nosnlfn.a(FS_Misc.o)
                0x00002b0c                FS_FOpen
 .text.FS__SB_Write
                0x00002b10       0x24 ..\..\emFile\LinkLibrary\PSoC5\GCC\libemf32nosnlfn.a(FS_Misc.o)
                0x00002b10                FS__SB_Write
 .text._SB_Clean
                0x00002b34       0x24 ..\..\emFile\LinkLibrary\PSoC5\GCC\libemf32nosnlfn.a(FS_Misc.o)
 .text.FS__SB_SetSector
                0x00002b58       0x20 ..\..\emFile\LinkLibrary\PSoC5\GCC\libemf32nosnlfn.a(FS_Misc.o)
                0x00002b58                FS__SB_SetSector
 .text.FS__SB_Clean
                0x00002b78        0x4 ..\..\emFile\LinkLibrary\PSoC5\GCC\libemf32nosnlfn.a(FS_Misc.o)
                0x00002b78                FS__SB_Clean
 .text.FS__SB_Delete
                0x00002b7c       0x12 ..\..\emFile\LinkLibrary\PSoC5\GCC\libemf32nosnlfn.a(FS_Misc.o)
                0x00002b7c                FS__SB_Delete
 .text.FS__SB_Flush
                0x00002b8e        0x8 ..\..\emFile\LinkLibrary\PSoC5\GCC\libemf32nosnlfn.a(FS_Misc.o)
                0x00002b8e                FS__SB_Flush
 .text.FS__SB_Read
                0x00002b96       0x2a ..\..\emFile\LinkLibrary\PSoC5\GCC\libemf32nosnlfn.a(FS_Misc.o)
                0x00002b96                FS__SB_Read
 .text.FS__Read
                0x00002bc0       0x2e ..\..\emFile\LinkLibrary\PSoC5\GCC\libemf32nosnlfn.a(FS_Read.o)
                0x00002bc0                FS__Read
 .text.FS_Read  0x00002bee        0x4 ..\..\emFile\LinkLibrary\PSoC5\GCC\libemf32nosnlfn.a(FS_Read.o)
                0x00002bee                FS_Read
 .text.FS__AddPhysDevice
                0x00002bf2       0x10 ..\..\emFile\LinkLibrary\PSoC5\GCC\libemf32nosnlfn.a(FS_Storage.o)
                0x00002bf2                FS__AddPhysDevice
 *fill*         0x00002c02        0x2 
 .text.FS_GetVolumeName
                0x00002c04       0x60 ..\..\emFile\LinkLibrary\PSoC5\GCC\libemf32nosnlfn.a(FS_Storage.o)
                0x00002c04                FS_GetVolumeName
 .text.FS__FindVolume
                0x00002c64       0x78 ..\..\emFile\LinkLibrary\PSoC5\GCC\libemf32nosnlfn.a(FS_Storage.o)
                0x00002c64                FS__FindVolume
 .text.FS__AddDevice
                0x00002cdc       0x68 ..\..\emFile\LinkLibrary\PSoC5\GCC\libemf32nosnlfn.a(FS_Storage.o)
                0x00002cdc                FS__AddDevice
 .text.FS_AddDevice
                0x00002d44        0x4 ..\..\emFile\LinkLibrary\PSoC5\GCC\libemf32nosnlfn.a(FS_Storage.o)
                0x00002d44                FS_AddDevice
 .text.FS__IoCtlNL
                0x00002d48       0x36 ..\..\emFile\LinkLibrary\PSoC5\GCC\libemf32nosnlfn.a(FS_Storage.o)
                0x00002d48                FS__IoCtlNL
 *fill*         0x00002d7e        0x2 
 .text.FS__UnmountForcedNL
                0x00002d80       0x54 ..\..\emFile\LinkLibrary\PSoC5\GCC\libemf32nosnlfn.a(FS_Unmount.o)
                0x00002d80                FS__UnmountForcedNL
 .text.FS__UnmountForced
                0x00002dd4        0x4 ..\..\emFile\LinkLibrary\PSoC5\GCC\libemf32nosnlfn.a(FS_Unmount.o)
                0x00002dd4                FS__UnmountForced
 .text.FS__Unmount
                0x00002dd8       0x60 ..\..\emFile\LinkLibrary\PSoC5\GCC\libemf32nosnlfn.a(FS_Unmount.o)
                0x00002dd8                FS__Unmount
 .text.FS_Unmount
                0x00002e38       0x14 ..\..\emFile\LinkLibrary\PSoC5\GCC\libemf32nosnlfn.a(FS_Unmount.o)
                0x00002e38                FS_Unmount
 .text._Mount   0x00002e4c       0x2e ..\..\emFile\LinkLibrary\PSoC5\GCC\libemf32nosnlfn.a(FS_Volume.o)
 .text.FS__AutoMount
                0x00002e7a       0x14 ..\..\emFile\LinkLibrary\PSoC5\GCC\libemf32nosnlfn.a(FS_Volume.o)
                0x00002e7a                FS__AutoMount
 .text.FS__MountNL
                0x00002e8e       0x20 ..\..\emFile\LinkLibrary\PSoC5\GCC\libemf32nosnlfn.a(FS_Volume.o)
                0x00002e8e                FS__MountNL
 .text.FS__Mount
                0x00002eae        0x4 ..\..\emFile\LinkLibrary\PSoC5\GCC\libemf32nosnlfn.a(FS_Volume.o)
                0x00002eae                FS__Mount
 .text.FS_Mount
                0x00002eb2       0x18 ..\..\emFile\LinkLibrary\PSoC5\GCC\libemf32nosnlfn.a(FS_Volume.o)
                0x00002eb2                FS_Mount
 *fill*         0x00002eca        0x2 
 .text.FS_FAT_ReadDir
                0x00002ecc       0x38 ..\..\emFile\LinkLibrary\PSoC5\GCC\libemf32nosnlfn.a(FAT_Dir.o)
                0x00002ecc                FS_FAT_ReadDir
 .text.FS_FAT_OpenDir
                0x00002f04       0x72 ..\..\emFile\LinkLibrary\PSoC5\GCC\libemf32nosnlfn.a(FAT_Dir.o)
                0x00002f04                FS_FAT_OpenDir
 .text._ClusterId2FATOff
                0x00002f76       0x18 ..\..\emFile\LinkLibrary\PSoC5\GCC\libemf32nosnlfn.a(FAT_Misc.o)
 .text._CalcLogClusterPos
                0x00002f8e        0xe ..\..\emFile\LinkLibrary\PSoC5\GCC\libemf32nosnlfn.a(FAT_Misc.o)
 .text._ReadFromFreeClusterCache
                0x00002f9c       0x46 ..\..\emFile\LinkLibrary\PSoC5\GCC\libemf32nosnlfn.a(FAT_Misc.o)
 .text.FS_FAT_GetFATType
                0x00002fe2       0x1a ..\..\emFile\LinkLibrary\PSoC5\GCC\libemf32nosnlfn.a(FAT_Misc.o)
                0x00002fe2                FS_FAT_GetFATType
 .text.FS_FAT_ClusterId2SectorNo
                0x00002ffc        0xc ..\..\emFile\LinkLibrary\PSoC5\GCC\libemf32nosnlfn.a(FAT_Misc.o)
                0x00002ffc                FS_FAT_ClusterId2SectorNo
 .text.FS_FAT_IsValidShortNameChar
                0x00003008       0x34 ..\..\emFile\LinkLibrary\PSoC5\GCC\libemf32nosnlfn.a(FAT_Misc.o)
                0x00003008                FS_FAT_IsValidShortNameChar
 .text.FS_FAT_CopyShortName
                0x0000303c       0x56 ..\..\emFile\LinkLibrary\PSoC5\GCC\libemf32nosnlfn.a(FAT_Misc.o)
                0x0000303c                FS_FAT_CopyShortName
 .text._SFN_CreateDirEntry
                0x00003092       0x5a ..\..\emFile\LinkLibrary\PSoC5\GCC\libemf32nosnlfn.a(FAT_Misc.o)
 .text._SFN_FindDirEntry
                0x000030ec       0x10 ..\..\emFile\LinkLibrary\PSoC5\GCC\libemf32nosnlfn.a(FAT_Misc.o)
 .text.FS_FAT_FindDirEntry
                0x000030fc       0x60 ..\..\emFile\LinkLibrary\PSoC5\GCC\libemf32nosnlfn.a(FAT_Misc.o)
                0x000030fc                FS_FAT_FindDirEntry
 .text.FS_FAT_CopyDirEntryInfo
                0x0000315c       0x50 ..\..\emFile\LinkLibrary\PSoC5\GCC\libemf32nosnlfn.a(FAT_Misc.o)
                0x0000315c                FS_FAT_CopyDirEntryInfo
 .text._SFN_ReadDirEntryInfo
                0x000031ac       0x6e ..\..\emFile\LinkLibrary\PSoC5\GCC\libemf32nosnlfn.a(FAT_Misc.o)
 .text._SetFATSector
                0x0000321a        0x6 ..\..\emFile\LinkLibrary\PSoC5\GCC\libemf32nosnlfn.a(FAT_Misc.o)
 .text.FS_FAT_ReadFATEntry
                0x00003220       0xb2 ..\..\emFile\LinkLibrary\PSoC5\GCC\libemf32nosnlfn.a(FAT_Misc.o)
                0x00003220                FS_FAT_ReadFATEntry
 *fill*         0x000032d2        0x2 
 .text.FS_FAT_GetNumAdjClustersInChain
                0x000032d4       0x64 ..\..\emFile\LinkLibrary\PSoC5\GCC\libemf32nosnlfn.a(FAT_Misc.o)
                0x000032d4                FS_FAT_GetNumAdjClustersInChain
 .text.FS_FAT_WalkClusterEx
                0x00003338       0x5c ..\..\emFile\LinkLibrary\PSoC5\GCC\libemf32nosnlfn.a(FAT_Misc.o)
                0x00003338                FS_FAT_WalkClusterEx
 .text.FS_FAT_GotoCluster
                0x00003394       0x88 ..\..\emFile\LinkLibrary\PSoC5\GCC\libemf32nosnlfn.a(FAT_Misc.o)
                0x00003394                FS_FAT_GotoCluster
 .text.FS_FAT_WalkCluster
                0x0000341c       0x18 ..\..\emFile\LinkLibrary\PSoC5\GCC\libemf32nosnlfn.a(FAT_Misc.o)
                0x0000341c                FS_FAT_WalkCluster
 .text.FS_FAT_FindLastCluster
                0x00003434       0x34 ..\..\emFile\LinkLibrary\PSoC5\GCC\libemf32nosnlfn.a(FAT_Misc.o)
                0x00003434                FS_FAT_FindLastCluster
 .text._WriteFATEntry
                0x00003468      0x18e ..\..\emFile\LinkLibrary\PSoC5\GCC\libemf32nosnlfn.a(FAT_Misc.o)
 .text.FS_FAT_MarkClusterEOC
                0x000035f6        0x8 ..\..\emFile\LinkLibrary\PSoC5\GCC\libemf32nosnlfn.a(FAT_Misc.o)
                0x000035f6                FS_FAT_MarkClusterEOC
 .text.FS_FAT_SyncFAT
                0x000035fe       0x3c ..\..\emFile\LinkLibrary\PSoC5\GCC\libemf32nosnlfn.a(FAT_Misc.o)
                0x000035fe                FS_FAT_SyncFAT
 .text.FS_FAT_LinkCluster
                0x0000363a       0x1c ..\..\emFile\LinkLibrary\PSoC5\GCC\libemf32nosnlfn.a(FAT_Misc.o)
                0x0000363a                FS_FAT_LinkCluster
 *fill*         0x00003656        0x2 
 .text._CalcFreeClusterCnt
                0x00003658       0x88 ..\..\emFile\LinkLibrary\PSoC5\GCC\libemf32nosnlfn.a(FAT_Misc.o)
 .text.FS_FAT_FindFreeCluster
                0x000036e0       0xa8 ..\..\emFile\LinkLibrary\PSoC5\GCC\libemf32nosnlfn.a(FAT_Misc.o)
                0x000036e0                FS_FAT_FindFreeCluster
 .text.FS_FAT_AllocCluster
                0x00003788       0x20 ..\..\emFile\LinkLibrary\PSoC5\GCC\libemf32nosnlfn.a(FAT_Misc.o)
                0x00003788                FS_FAT_AllocCluster
 .text._WriteEmptyFATSectors
                0x000037a8       0x3c ..\..\emFile\LinkLibrary\PSoC5\GCC\libemf32nosnlfn.a(FAT_Misc.o)
 .text.FS_FAT_FreeClusterChain
                0x000037e4       0xe0 ..\..\emFile\LinkLibrary\PSoC5\GCC\libemf32nosnlfn.a(FAT_Misc.o)
                0x000037e4                FS_FAT_FreeClusterChain
 .text.FS_FAT_CheckBPB
                0x000038c4      0x1cc ..\..\emFile\LinkLibrary\PSoC5\GCC\libemf32nosnlfn.a(FAT_Misc.o)
                0x000038c4                FS_FAT_CheckBPB
 .text.FS_FAT_InitDirEntryScan
                0x00003a90       0x14 ..\..\emFile\LinkLibrary\PSoC5\GCC\libemf32nosnlfn.a(FAT_Open.o)
                0x00003a90                FS_FAT_InitDirEntryScan
 .text.FS_FAT_IncDirPos
                0x00003aa4        0x8 ..\..\emFile\LinkLibrary\PSoC5\GCC\libemf32nosnlfn.a(FAT_Open.o)
                0x00003aa4                FS_FAT_IncDirPos
 .text._CopyDirText
                0x00003aac       0x44 ..\..\emFile\LinkLibrary\PSoC5\GCC\libemf32nosnlfn.a(FAT_Open.o)
 .text.FS_FAT_Make83Name
                0x00003af0       0xb0 ..\..\emFile\LinkLibrary\PSoC5\GCC\libemf32nosnlfn.a(FAT_Open.o)
                0x00003af0                FS_FAT_Make83Name
 .text.FS_FAT_GetDirEntry
                0x00003ba0       0xb2 ..\..\emFile\LinkLibrary\PSoC5\GCC\libemf32nosnlfn.a(FAT_Open.o)
                0x00003ba0                FS_FAT_GetDirEntry
 .text.FS_FAT_FindDirEntryShortEx
                0x00003c52       0x5a ..\..\emFile\LinkLibrary\PSoC5\GCC\libemf32nosnlfn.a(FAT_Open.o)
                0x00003c52                FS_FAT_FindDirEntryShortEx
 .text.FS_FAT_FindDirEntryShort
                0x00003cac       0x36 ..\..\emFile\LinkLibrary\PSoC5\GCC\libemf32nosnlfn.a(FAT_Open.o)
                0x00003cac                FS_FAT_FindDirEntryShort
 .text.FS_FAT_FindEmptyDirEntry
                0x00003ce2       0xb0 ..\..\emFile\LinkLibrary\PSoC5\GCC\libemf32nosnlfn.a(FAT_Open.o)
                0x00003ce2                FS_FAT_FindEmptyDirEntry
 .text.FS_FAT_GetFirstCluster
                0x00003d92       0x1a ..\..\emFile\LinkLibrary\PSoC5\GCC\libemf32nosnlfn.a(FAT_Open.o)
                0x00003d92                FS_FAT_GetFirstCluster
 .text.FS_FAT_FindPath
                0x00003dac       0x7a ..\..\emFile\LinkLibrary\PSoC5\GCC\libemf32nosnlfn.a(FAT_Open.o)
                0x00003dac                FS_FAT_FindPath
 .text.FS_FAT_DeleteFileOrDir
                0x00003e26       0x48 ..\..\emFile\LinkLibrary\PSoC5\GCC\libemf32nosnlfn.a(FAT_Open.o)
                0x00003e26                FS_FAT_DeleteFileOrDir
 *fill*         0x00003e6e        0x2 
 .text.FS_FAT_Open
                0x00003e70      0x1dc ..\..\emFile\LinkLibrary\PSoC5\GCC\libemf32nosnlfn.a(FAT_Open.o)
                0x00003e70                FS_FAT_Open
 .text.FS_FAT_WriteDirEntryCluster
                0x0000404c       0x1c ..\..\emFile\LinkLibrary\PSoC5\GCC\libemf32nosnlfn.a(FAT_Open.o)
                0x0000404c                FS_FAT_WriteDirEntryCluster
 .text.FS_FAT_WriteDirEntry83
                0x00004068       0x6c ..\..\emFile\LinkLibrary\PSoC5\GCC\libemf32nosnlfn.a(FAT_Open.o)
                0x00004068                FS_FAT_WriteDirEntry83
 .text._ReadBurst
                0x000040d4       0x24 ..\..\emFile\LinkLibrary\PSoC5\GCC\libemf32nosnlfn.a(FAT_Read.o)
 .text.FS_FAT_Read
                0x000040f8      0x194 ..\..\emFile\LinkLibrary\PSoC5\GCC\libemf32nosnlfn.a(FAT_Read.o)
                0x000040f8                FS_FAT_Read
 .text.FS_FAT_Clean
                0x0000428c       0x54 ..\..\emFile\LinkLibrary\PSoC5\GCC\libemf32nosnlfn.a(FAT_Write.o)
                0x0000428c                FS_FAT_Clean
 .text.FS_FAT_UpdateDirEntry
                0x000042e0       0x68 ..\..\emFile\LinkLibrary\PSoC5\GCC\libemf32nosnlfn.a(FAT_Write.o)
                0x000042e0                FS_FAT_UpdateDirEntry
 .text.FS_FAT_Close
                0x00004348       0x44 ..\..\emFile\LinkLibrary\PSoC5\GCC\libemf32nosnlfn.a(FAT_Write.o)
                0x00004348                FS_FAT_Close
 .text.FS__CLIB_memcmp
                0x0000438c       0x20 ..\..\emFile\LinkLibrary\PSoC5\GCC\libemf32nosnlfn.a(FS_CLib.o)
                0x0000438c                FS__CLIB_memcmp
 .text.FS__CLIB_memset
                0x000043ac       0x6c ..\..\emFile\LinkLibrary\PSoC5\GCC\libemf32nosnlfn.a(FS_CLib.o)
                0x000043ac                FS__CLIB_memset
 .text.FS__CLIB_strcmp
                0x00004418       0x1a ..\..\emFile\LinkLibrary\PSoC5\GCC\libemf32nosnlfn.a(FS_CLib.o)
                0x00004418                FS__CLIB_strcmp
 .text.FS__CLIB_strlen
                0x00004432       0x10 ..\..\emFile\LinkLibrary\PSoC5\GCC\libemf32nosnlfn.a(FS_CLib.o)
                0x00004432                FS__CLIB_strlen
 .text.FS__CLIB_strncmp
                0x00004442       0x26 ..\..\emFile\LinkLibrary\PSoC5\GCC\libemf32nosnlfn.a(FS_CLib.o)
                0x00004442                FS__CLIB_strncmp
 .text.FS__CLIB_toupper
                0x00004468        0xe ..\..\emFile\LinkLibrary\PSoC5\GCC\libemf32nosnlfn.a(FS_CLib.o)
                0x00004468                FS__CLIB_toupper
 .text.FS__strchr
                0x00004476       0x14 ..\..\emFile\LinkLibrary\PSoC5\GCC\libemf32nosnlfn.a(FS_Core.o)
                0x00004476                FS__strchr
 .text.FS_LoadU32BE
                0x0000448a       0x18 ..\..\emFile\LinkLibrary\PSoC5\GCC\libemf32nosnlfn.a(FS_Core.o)
                0x0000448a                FS_LoadU32BE
 .text.FS_LoadU32LE
                0x000044a2       0x16 ..\..\emFile\LinkLibrary\PSoC5\GCC\libemf32nosnlfn.a(FS_Core.o)
                0x000044a2                FS_LoadU32LE
 .text.FS_StoreU32LE
                0x000044b8       0x14 ..\..\emFile\LinkLibrary\PSoC5\GCC\libemf32nosnlfn.a(FS_Core.o)
                0x000044b8                FS_StoreU32LE
 .text.FS_StoreU16LE
                0x000044cc        0x8 ..\..\emFile\LinkLibrary\PSoC5\GCC\libemf32nosnlfn.a(FS_Core.o)
                0x000044cc                FS_StoreU16LE
 .text.FS_LoadU16LE
                0x000044d4        0xa ..\..\emFile\LinkLibrary\PSoC5\GCC\libemf32nosnlfn.a(FS_Core.o)
                0x000044d4                FS_LoadU16LE
 *fill*         0x000044de        0x2 
 .text._Alloc   0x000044e0       0x30 ..\..\emFile\LinkLibrary\PSoC5\GCC\libemf32nosnlfn.a(FS_Core.o)
 .text.FS_Alloc
                0x00004510        0xc ..\..\emFile\LinkLibrary\PSoC5\GCC\libemf32nosnlfn.a(FS_Core.o)
                0x00004510                FS_Alloc
 .text.FS_TryAlloc
                0x0000451c        0x4 ..\..\emFile\LinkLibrary\PSoC5\GCC\libemf32nosnlfn.a(FS_Core.o)
                0x0000451c                FS_TryAlloc
 .text.FS_Free  0x00004520       0x1c ..\..\emFile\LinkLibrary\PSoC5\GCC\libemf32nosnlfn.a(FS_Core.o)
                0x00004520                FS_Free
 .text.FS_AssignMemory
                0x0000453c        0xc ..\..\emFile\LinkLibrary\PSoC5\GCC\libemf32nosnlfn.a(FS_Core.o)
                0x0000453c                FS_AssignMemory
 .text.FS_AllocZeroed
                0x00004548       0x16 ..\..\emFile\LinkLibrary\PSoC5\GCC\libemf32nosnlfn.a(FS_Core.o)
                0x00004548                FS_AllocZeroed
 *fill*         0x0000455e        0x2 
 .text.FS_STORAGE_Init
                0x00004560       0x28 ..\..\emFile\LinkLibrary\PSoC5\GCC\libemf32nosnlfn.a(FS_Core.o)
                0x00004560                FS_STORAGE_Init
 .text._ClrBusyLED
                0x00004588        0xc ..\..\emFile\LinkLibrary\PSoC5\GCC\libemf32nosnlfn.a(FS_LogBlock.o)
 .text._SetBusyLED
                0x00004594        0xc ..\..\emFile\LinkLibrary\PSoC5\GCC\libemf32nosnlfn.a(FS_LogBlock.o)
 .text._Read    0x000045a0        0xc ..\..\emFile\LinkLibrary\PSoC5\GCC\libemf32nosnlfn.a(FS_LogBlock.o)
 .text._Write   0x000045ac       0x12 ..\..\emFile\LinkLibrary\PSoC5\GCC\libemf32nosnlfn.a(FS_LogBlock.o)
 .text.FS_LB_GetStatus
                0x000045be        0xc ..\..\emFile\LinkLibrary\PSoC5\GCC\libemf32nosnlfn.a(FS_LogBlock.o)
                0x000045be                FS_LB_GetStatus
 .text.FS_LB_InitMedium
                0x000045ca       0x1a ..\..\emFile\LinkLibrary\PSoC5\GCC\libemf32nosnlfn.a(FS_LogBlock.o)
                0x000045ca                FS_LB_InitMedium
 .text.FS_LB_InitMediumIfRequired
                0x000045e4       0x10 ..\..\emFile\LinkLibrary\PSoC5\GCC\libemf32nosnlfn.a(FS_LogBlock.o)
                0x000045e4                FS_LB_InitMediumIfRequired
 .text.FS_LB_ReadDevice
                0x000045f4       0x2e ..\..\emFile\LinkLibrary\PSoC5\GCC\libemf32nosnlfn.a(FS_LogBlock.o)
                0x000045f4                FS_LB_ReadDevice
 .text.FS_LB_ReadPart
                0x00004622        0xe ..\..\emFile\LinkLibrary\PSoC5\GCC\libemf32nosnlfn.a(FS_LogBlock.o)
                0x00004622                FS_LB_ReadPart
 .text.FS_LB_ReadBurst
                0x00004630       0x38 ..\..\emFile\LinkLibrary\PSoC5\GCC\libemf32nosnlfn.a(FS_LogBlock.o)
                0x00004630                FS_LB_ReadBurst
 .text.FS_LB_ReadBurstPart
                0x00004668       0x14 ..\..\emFile\LinkLibrary\PSoC5\GCC\libemf32nosnlfn.a(FS_LogBlock.o)
                0x00004668                FS_LB_ReadBurstPart
 .text.FS_LB_WriteMultiple
                0x0000467c       0x30 ..\..\emFile\LinkLibrary\PSoC5\GCC\libemf32nosnlfn.a(FS_LogBlock.o)
                0x0000467c                FS_LB_WriteMultiple
 .text.FS_LB_WriteMultiplePart
                0x000046ac       0x14 ..\..\emFile\LinkLibrary\PSoC5\GCC\libemf32nosnlfn.a(FS_LogBlock.o)
                0x000046ac                FS_LB_WriteMultiplePart
 .text.FS_LB_WriteDevice
                0x000046c0       0x36 ..\..\emFile\LinkLibrary\PSoC5\GCC\libemf32nosnlfn.a(FS_LogBlock.o)
                0x000046c0                FS_LB_WriteDevice
 .text.FS_LB_WritePart
                0x000046f6        0xe ..\..\emFile\LinkLibrary\PSoC5\GCC\libemf32nosnlfn.a(FS_LogBlock.o)
                0x000046f6                FS_LB_WritePart
 .text.FS_LB_Ioctl
                0x00004704       0x2a ..\..\emFile\LinkLibrary\PSoC5\GCC\libemf32nosnlfn.a(FS_LogBlock.o)
                0x00004704                FS_LB_Ioctl
 .text.FS_GetSectorSize
                0x0000472e       0x28 ..\..\emFile\LinkLibrary\PSoC5\GCC\libemf32nosnlfn.a(FS_LogBlock.o)
                0x0000472e                FS_GetSectorSize
 .text.FS_LB_GetDeviceInfo
                0x00004756       0x26 ..\..\emFile\LinkLibrary\PSoC5\GCC\libemf32nosnlfn.a(FS_LogBlock.o)
                0x00004756                FS_LB_GetDeviceInfo
 .text.FS_memcpy
                0x0000477c      0x120 ..\..\emFile\LinkLibrary\PSoC5\GCC\libemf32nosnlfn.a(FS_memcpy.o)
                0x0000477c                FS_memcpy
 .text._IsBPB   0x0000489c       0x1e ..\..\emFile\LinkLibrary\PSoC5\GCC\libemf32nosnlfn.a(FS_Partition.o)
 .text._HasSignature
                0x000048ba       0x18 ..\..\emFile\LinkLibrary\PSoC5\GCC\libemf32nosnlfn.a(FS_Partition.o)
 .text._GetPartitionStartSector
                0x000048d2        0xc ..\..\emFile\LinkLibrary\PSoC5\GCC\libemf32nosnlfn.a(FS_Partition.o)
 .text.FS__GetMediaStartSecEx
                0x000048de       0x6e ..\..\emFile\LinkLibrary\PSoC5\GCC\libemf32nosnlfn.a(FS_Partition.o)
                0x000048de                FS__GetMediaStartSecEx
 .text.FS__LocatePartition
                0x0000494c       0x44 ..\..\emFile\LinkLibrary\PSoC5\GCC\libemf32nosnlfn.a(FS_Partition.o)
                0x0000494c                FS__LocatePartition
 .text._PushFreeBlock
                0x00004990       0x24 ..\..\emWinGraphics_v5_46\LinkLibrary\PSoC5\GCC\libemWin_nosnts_cm3_gcc.a(GUI_Alloc.o)
 .text._RemoveFreeBlock
                0x000049b4       0x40 ..\..\emWinGraphics_v5_46\LinkLibrary\PSoC5\GCC\libemWin_nosnts_cm3_gcc.a(GUI_Alloc.o)
 .text._AddFreeMemory
                0x000049f4       0xa4 ..\..\emWinGraphics_v5_46\LinkLibrary\PSoC5\GCC\libemWin_nosnts_cm3_gcc.a(GUI_Alloc.o)
 .text._RemoveHoles
                0x00004a98       0x98 ..\..\emWinGraphics_v5_46\LinkLibrary\PSoC5\GCC\libemWin_nosnts_cm3_gcc.a(GUI_Alloc.o)
 .text.GUI_ALLOC_FreeFixedBlock
                0x00004b30       0x14 ..\..\emWinGraphics_v5_46\LinkLibrary\PSoC5\GCC\libemWin_nosnts_cm3_gcc.a(GUI_Alloc.o)
                0x00004b30                GUI_ALLOC_FreeFixedBlock
 .text.GUI_ALLOC_h2p
                0x00004b44       0x14 ..\..\emWinGraphics_v5_46\LinkLibrary\PSoC5\GCC\libemWin_nosnts_cm3_gcc.a(GUI_Alloc.o)
                0x00004b44                GUI_ALLOC_h2p
 .text.GUI_ALLOC_LockH
                0x00004b58       0x1c ..\..\emWinGraphics_v5_46\LinkLibrary\PSoC5\GCC\libemWin_nosnts_cm3_gcc.a(GUI_Alloc.o)
                0x00004b58                GUI_ALLOC_LockH
 .text.GUI_ALLOC_UnlockH
                0x00004b74       0x30 ..\..\emWinGraphics_v5_46\LinkLibrary\PSoC5\GCC\libemWin_nosnts_cm3_gcc.a(GUI_Alloc.o)
                0x00004b74                GUI_ALLOC_UnlockH
 .text.GUI_ALLOC_AssignMemory
                0x00004ba4       0x10 ..\..\emWinGraphics_v5_46\LinkLibrary\PSoC5\GCC\libemWin_nosnts_cm3_gcc.a(GUI_Alloc.o)
                0x00004ba4                GUI_ALLOC_AssignMemory
 .text.GUI_ALLOC_Free
                0x00004bb4       0x28 ..\..\emWinGraphics_v5_46\LinkLibrary\PSoC5\GCC\libemWin_nosnts_cm3_gcc.a(GUI_Alloc.o)
                0x00004bb4                GUI_ALLOC_Free
 .text._EnlargeBlocks
                0x00004bdc       0x9c ..\..\emWinGraphics_v5_46\LinkLibrary\PSoC5\GCC\libemWin_nosnts_cm3_gcc.a(GUI_Alloc.o)
 .text._InitOnce
                0x00004c78       0x6c ..\..\emWinGraphics_v5_46\LinkLibrary\PSoC5\GCC\libemWin_nosnts_cm3_gcc.a(GUI_Alloc.o)
 .text.GUI_ALLOC_GetFixedBlock
                0x00004ce4       0xa4 ..\..\emWinGraphics_v5_46\LinkLibrary\PSoC5\GCC\libemWin_nosnts_cm3_gcc.a(GUI_Alloc.o)
                0x00004ce4                GUI_ALLOC_GetFixedBlock
 .text._Alloc   0x00004d88       0xf0 ..\..\emWinGraphics_v5_46\LinkLibrary\PSoC5\GCC\libemWin_nosnts_cm3_gcc.a(GUI_Alloc.o)
 .text.GUI_ALLOC_AllocNoInit
                0x00004e78        0x8 ..\..\emWinGraphics_v5_46\LinkLibrary\PSoC5\GCC\libemWin_nosnts_cm3_gcc.a(GUI_Alloc.o)
                0x00004e78                GUI_ALLOC_AllocNoInit
 .text.GUI_ALLOC_AllocZero
                0x00004e80       0x30 ..\..\emWinGraphics_v5_46\LinkLibrary\PSoC5\GCC\libemWin_nosnts_cm3_gcc.a(GUI_Alloc.o)
                0x00004e80                GUI_ALLOC_AllocZero
 .text.GUIMONO_DispChar
                0x00004eb0      0x13c ..\..\emWinGraphics_v5_46\LinkLibrary\PSoC5\GCC\libemWin_nosnts_cm3_gcc.a(GUI_CharM.o)
                0x00004eb0                GUIMONO_DispChar
 .text.GUIMONO_GetCharDistX
                0x00004fec       0x18 ..\..\emWinGraphics_v5_46\LinkLibrary\PSoC5\GCC\libemWin_nosnts_cm3_gcc.a(GUI_CharM.o)
                0x00004fec                GUIMONO_GetCharDistX
 .text.GUIMONO_GetFontInfo
                0x00005004        0x6 ..\..\emWinGraphics_v5_46\LinkLibrary\PSoC5\GCC\libemWin_nosnts_cm3_gcc.a(GUI_CharM.o)
                0x00005004                GUIMONO_GetFontInfo
 .text.GUIMONO_IsInFont
                0x0000500a       0x36 ..\..\emWinGraphics_v5_46\LinkLibrary\PSoC5\GCC\libemWin_nosnts_cm3_gcc.a(GUI_CharM.o)
                0x0000500a                GUIMONO_IsInFont
 .text.GUI_CalcColorDist
                0x00005040       0x4e ..\..\emWinGraphics_v5_46\LinkLibrary\PSoC5\GCC\libemWin_nosnts_cm3_gcc.a(GUI_Common.o)
                0x00005040                GUI_CalcColorDist
 .text.GUI_MergeRect
                0x0000508e       0x56 ..\..\emWinGraphics_v5_46\LinkLibrary\PSoC5\GCC\libemWin_nosnts_cm3_gcc.a(GUI_Common.o)
                0x0000508e                GUI_MergeRect
 .text.GUI_MoveRect
                0x000050e4       0x20 ..\..\emWinGraphics_v5_46\LinkLibrary\PSoC5\GCC\libemWin_nosnts_cm3_gcc.a(GUI_Common.o)
                0x000050e4                GUI_MoveRect
 .text.GUI_GotoXY
                0x00005104       0x10 ..\..\emWinGraphics_v5_46\LinkLibrary\PSoC5\GCC\libemWin_nosnts_cm3_gcc.a(GUI_Common.o)
                0x00005104                GUI_GotoXY
 .text.GUI_RectsIntersect
                0x00005114       0x3a ..\..\emWinGraphics_v5_46\LinkLibrary\PSoC5\GCC\libemWin_nosnts_cm3_gcc.a(GUI_Common.o)
                0x00005114                GUI_RectsIntersect
 .text.GUI_SelectLCD
                0x0000514e       0x12 ..\..\emWinGraphics_v5_46\LinkLibrary\PSoC5\GCC\libemWin_nosnts_cm3_gcc.a(GUI_Common.o)
                0x0000514e                GUI_SelectLCD
 .text.GUI_SetBkColor
                0x00005160        0x4 ..\..\emWinGraphics_v5_46\LinkLibrary\PSoC5\GCC\libemWin_nosnts_cm3_gcc.a(GUI_Common.o)
                0x00005160                GUI_SetBkColor
 .text.GUI_SetColor
                0x00005164        0x4 ..\..\emWinGraphics_v5_46\LinkLibrary\PSoC5\GCC\libemWin_nosnts_cm3_gcc.a(GUI_Common.o)
                0x00005164                GUI_SetColor
 .text.GUI_SetFont
                0x00005168       0x14 ..\..\emWinGraphics_v5_46\LinkLibrary\PSoC5\GCC\libemWin_nosnts_cm3_gcc.a(GUI_Common.o)
                0x00005168                GUI_SetFont
 .text.GUI_SetOrg
                0x0000517c       0x38 ..\..\emWinGraphics_v5_46\LinkLibrary\PSoC5\GCC\libemWin_nosnts_cm3_gcc.a(GUI_Common.o)
                0x0000517c                GUI_SetOrg
 .text._OnExit  0x000051b4       0x48 ..\..\emWinGraphics_v5_46\LinkLibrary\PSoC5\GCC\libemWin_nosnts_cm3_gcc.a(GUI_Core.o)
 .text.GUI_SetDefaultFont
                0x000051fc        0xc ..\..\emWinGraphics_v5_46\LinkLibrary\PSoC5\GCC\libemWin_nosnts_cm3_gcc.a(GUI_Core.o)
                0x000051fc                GUI_SetDefaultFont
 .text.GUI_ClearRect
                0x00005208       0x60 ..\..\emWinGraphics_v5_46\LinkLibrary\PSoC5\GCC\libemWin_nosnts_cm3_gcc.a(GUI_Core.o)
                0x00005208                GUI_ClearRect
 .text.GUI_Clear
                0x00005268       0x20 ..\..\emWinGraphics_v5_46\LinkLibrary\PSoC5\GCC\libemWin_nosnts_cm3_gcc.a(GUI_Core.o)
                0x00005268                GUI_Clear
 .text.GUI__RegisterExit
                0x00005288       0x10 ..\..\emWinGraphics_v5_46\LinkLibrary\PSoC5\GCC\libemWin_nosnts_cm3_gcc.a(GUI_Core.o)
                0x00005288                GUI__RegisterExit
 .text.GUI__Config
                0x00005298       0x30 ..\..\emWinGraphics_v5_46\LinkLibrary\PSoC5\GCC\libemWin_nosnts_cm3_gcc.a(GUI_Core.o)
                0x00005298                GUI__Config
 .text.GUI_Init
                0x000052c8       0xec ..\..\emWinGraphics_v5_46\LinkLibrary\PSoC5\GCC\libemWin_nosnts_cm3_gcc.a(GUI_Core.o)
                0x000052c8                GUI_Init
 .text.GUI_DEVICE__GetpDriver
                0x000053b4       0x20 ..\..\emWinGraphics_v5_46\LinkLibrary\PSoC5\GCC\libemWin_nosnts_cm3_gcc.a(GUI_Device.o)
                0x000053b4                GUI_DEVICE__GetpDriver
 .text.GUI_DEVICE_Delete
                0x000053d4        0x4 ..\..\emWinGraphics_v5_46\LinkLibrary\PSoC5\GCC\libemWin_nosnts_cm3_gcc.a(GUI_Device.o)
                0x000053d4                GUI_DEVICE_Delete
 .text.GUI_DEVICE_Create
                0x000053d8       0x48 ..\..\emWinGraphics_v5_46\LinkLibrary\PSoC5\GCC\libemWin_nosnts_cm3_gcc.a(GUI_Device.o)
                0x000053d8                GUI_DEVICE_Create
 .text.GUI_DEVICE_Unlink
                0x00005420       0x30 ..\..\emWinGraphics_v5_46\LinkLibrary\PSoC5\GCC\libemWin_nosnts_cm3_gcc.a(GUI_Device.o)
                0x00005420                GUI_DEVICE_Unlink
 .text.GUI_DEVICE_Link
                0x00005450       0x84 ..\..\emWinGraphics_v5_46\LinkLibrary\PSoC5\GCC\libemWin_nosnts_cm3_gcc.a(GUI_Device.o)
                0x00005450                GUI_DEVICE_Link
 .text.GUI_DEVICE_CreateAndLink
                0x000054d4       0x28 ..\..\emWinGraphics_v5_46\LinkLibrary\PSoC5\GCC\libemWin_nosnts_cm3_gcc.a(GUI_Device.o)
                0x000054d4                GUI_DEVICE_CreateAndLink
 .text.GUI_DispString
                0x000054fc      0x118 ..\..\emWinGraphics_v5_46\LinkLibrary\PSoC5\GCC\libemWin_nosnts_cm3_gcc.a(GUI_DispString.o)
                0x000054fc                GUI_DispString
 .text.GUI_DispStringAt
                0x00005614       0x10 ..\..\emWinGraphics_v5_46\LinkLibrary\PSoC5\GCC\libemWin_nosnts_cm3_gcc.a(GUI_DispString.o)
                0x00005614                GUI_DispStringAt
 .text.GUI_FillRect
                0x00005624       0x44 ..\..\emWinGraphics_v5_46\LinkLibrary\PSoC5\GCC\libemWin_nosnts_cm3_gcc.a(GUI_DrawLib.o)
                0x00005624                GUI_FillRect
 .text.GUI_StoreKey
                0x00005668       0x10 ..\..\emWinGraphics_v5_46\LinkLibrary\PSoC5\GCC\libemWin_nosnts_cm3_gcc.a(GUI_OnKey.o)
                0x00005668                GUI_StoreKey
 .text.GUI_UC__GetCharCodeInc
                0x00005678       0x28 ..\..\emWinGraphics_v5_46\LinkLibrary\PSoC5\GCC\libemWin_nosnts_cm3_gcc.a(GUI_UC.o)
                0x00005678                GUI_UC__GetCharCodeInc
 .text.GUI_UC__NumChars2NumBytes
                0x000056a0       0x24 ..\..\emWinGraphics_v5_46\LinkLibrary\PSoC5\GCC\libemWin_nosnts_cm3_gcc.a(GUI_UC.o)
                0x000056a0                GUI_UC__NumChars2NumBytes
 .text._GetCharCode
                0x000056c4        0x4 ..\..\emWinGraphics_v5_46\LinkLibrary\PSoC5\GCC\libemWin_nosnts_cm3_gcc.a(GUI_UC_EncodeNone.o)
 .text._GetCharSize
                0x000056c8        0x4 ..\..\emWinGraphics_v5_46\LinkLibrary\PSoC5\GCC\libemWin_nosnts_cm3_gcc.a(GUI_UC_EncodeNone.o)
 .text._CalcSizeOfChar
                0x000056cc        0x4 ..\..\emWinGraphics_v5_46\LinkLibrary\PSoC5\GCC\libemWin_nosnts_cm3_gcc.a(GUI_UC_EncodeNone.o)
 .text._Encode  0x000056d0        0x6 ..\..\emWinGraphics_v5_46\LinkLibrary\PSoC5\GCC\libemWin_nosnts_cm3_gcc.a(GUI_UC_EncodeNone.o)
 *fill*         0x000056d6        0x2 
 .text.GUI_SignalEvent
                0x000056d8       0x10 ..\..\emWinGraphics_v5_46\LinkLibrary\PSoC5\GCC\libemWin_nosnts_cm3_gcc.a(GUI_WaitEvent.o)
                0x000056d8                GUI_SignalEvent
 .text.LCD_Index2Color_M565
                0x000056e8       0x28 ..\..\emWinGraphics_v5_46\LinkLibrary\PSoC5\GCC\libemWin_nosnts_cm3_gcc.a(GUICC_M565.o)
                0x000056e8                LCD_Index2Color_M565
 .text._Color2Index_M565
                0x00005710       0x28 ..\..\emWinGraphics_v5_46\LinkLibrary\PSoC5\GCC\libemWin_nosnts_cm3_gcc.a(GUICC_M565.o)
 .text._GetIndexMask_M565
                0x00005738        0x6 ..\..\emWinGraphics_v5_46\LinkLibrary\PSoC5\GCC\libemWin_nosnts_cm3_gcc.a(GUICC_M565.o)
 *fill*         0x0000573e        0x2 
 .text._Color2IndexBulk
                0x00005740       0x5c ..\..\emWinGraphics_v5_46\LinkLibrary\PSoC5\GCC\libemWin_nosnts_cm3_gcc.a(GUICC_M565.o)
 .text._Index2ColorBulk
                0x0000579c       0x64 ..\..\emWinGraphics_v5_46\LinkLibrary\PSoC5\GCC\libemWin_nosnts_cm3_gcc.a(GUICC_M565.o)
 .text._Log2PhysY_X1Y0S0
                0x00005800        0x4 ..\..\emWinGraphics_v5_46\LinkLibrary\PSoC5\GCC\libemWin_nosnts_cm3_gcc.a(GUIDRV_FlexColor.o)
 .text._Log2PhysY_X1Y1S0
                0x00005804        0x8 ..\..\emWinGraphics_v5_46\LinkLibrary\PSoC5\GCC\libemWin_nosnts_cm3_gcc.a(GUIDRV_FlexColor.o)
 .text._Log2PhysY_X1Y0S1
                0x0000580c        0x4 ..\..\emWinGraphics_v5_46\LinkLibrary\PSoC5\GCC\libemWin_nosnts_cm3_gcc.a(GUIDRV_FlexColor.o)
 .text._Log2PhysY_X1Y1S1
                0x00005810        0x8 ..\..\emWinGraphics_v5_46\LinkLibrary\PSoC5\GCC\libemWin_nosnts_cm3_gcc.a(GUIDRV_FlexColor.o)
 .text._SetPixelIndex
                0x00005818        0xe ..\..\emWinGraphics_v5_46\LinkLibrary\PSoC5\GCC\libemWin_nosnts_cm3_gcc.a(GUIDRV_FlexColor.o)
 .text._GetPixelIndex
                0x00005826        0x8 ..\..\emWinGraphics_v5_46\LinkLibrary\PSoC5\GCC\libemWin_nosnts_cm3_gcc.a(GUIDRV_FlexColor.o)
 .text._XorPixel
                0x0000582e       0x24 ..\..\emWinGraphics_v5_46\LinkLibrary\PSoC5\GCC\libemWin_nosnts_cm3_gcc.a(GUIDRV_FlexColor.o)
 .text._DrawHLine
                0x00005852       0x10 ..\..\emWinGraphics_v5_46\LinkLibrary\PSoC5\GCC\libemWin_nosnts_cm3_gcc.a(GUIDRV_FlexColor.o)
 .text._DrawVLine
                0x00005862       0x12 ..\..\emWinGraphics_v5_46\LinkLibrary\PSoC5\GCC\libemWin_nosnts_cm3_gcc.a(GUIDRV_FlexColor.o)
 .text._FillRect
                0x00005874        0xe ..\..\emWinGraphics_v5_46\LinkLibrary\PSoC5\GCC\libemWin_nosnts_cm3_gcc.a(GUIDRV_FlexColor.o)
 .text._DrawBitmap
                0x00005882        0xe ..\..\emWinGraphics_v5_46\LinkLibrary\PSoC5\GCC\libemWin_nosnts_cm3_gcc.a(GUIDRV_FlexColor.o)
 .text._GetDevFunc_SetRect
                0x00005890        0x2 ..\..\emWinGraphics_v5_46\LinkLibrary\PSoC5\GCC\libemWin_nosnts_cm3_gcc.a(GUIDRV_FlexColor.o)
 *fill*         0x00005892        0x2 
 .text._GetDevFunc_SetRectOutside
                0x00005894       0x40 ..\..\emWinGraphics_v5_46\LinkLibrary\PSoC5\GCC\libemWin_nosnts_cm3_gcc.a(GUIDRV_FlexColor.o)
 .text._ReadPixelCust_16bpp
                0x000058d4        0xa ..\..\emWinGraphics_v5_46\LinkLibrary\PSoC5\GCC\libemWin_nosnts_cm3_gcc.a(GUIDRV_FlexColor.o)
 .text._ReadPixelCust_18bpp
                0x000058de        0xa ..\..\emWinGraphics_v5_46\LinkLibrary\PSoC5\GCC\libemWin_nosnts_cm3_gcc.a(GUIDRV_FlexColor.o)
 .text._ReadRectCust_16bpp
                0x000058e8       0x3a ..\..\emWinGraphics_v5_46\LinkLibrary\PSoC5\GCC\libemWin_nosnts_cm3_gcc.a(GUIDRV_FlexColor.o)
 .text._ReadRectCust_18bpp
                0x00005922       0x3a ..\..\emWinGraphics_v5_46\LinkLibrary\PSoC5\GCC\libemWin_nosnts_cm3_gcc.a(GUIDRV_FlexColor.o)
 .text._GetDevFunc
                0x0000595c       0x7c ..\..\emWinGraphics_v5_46\LinkLibrary\PSoC5\GCC\libemWin_nosnts_cm3_gcc.a(GUIDRV_FlexColor.o)
 .text._GetDevProp
                0x000059d8       0x5a ..\..\emWinGraphics_v5_46\LinkLibrary\PSoC5\GCC\libemWin_nosnts_cm3_gcc.a(GUIDRV_FlexColor.o)
 .text._GetDevData
                0x00005a32        0xc ..\..\emWinGraphics_v5_46\LinkLibrary\PSoC5\GCC\libemWin_nosnts_cm3_gcc.a(GUIDRV_FlexColor.o)
 .text._GetRect
                0x00005a3e       0x16 ..\..\emWinGraphics_v5_46\LinkLibrary\PSoC5\GCC\libemWin_nosnts_cm3_gcc.a(GUIDRV_FlexColor.o)
 .text.GUIDRV_FlexColor__SetLog2Phys
                0x00005a54       0x48 ..\..\emWinGraphics_v5_46\LinkLibrary\PSoC5\GCC\libemWin_nosnts_cm3_gcc.a(GUIDRV_FlexColor.o)
                0x00005a54                GUIDRV_FlexColor__SetLog2Phys
 .text._SetOrg  0x00005a9c       0x16 ..\..\emWinGraphics_v5_46\LinkLibrary\PSoC5\GCC\libemWin_nosnts_cm3_gcc.a(GUIDRV_FlexColor.o)
 .text._Log2PhysY_X0Y0S1
                0x00005ab2        0x4 ..\..\emWinGraphics_v5_46\LinkLibrary\PSoC5\GCC\libemWin_nosnts_cm3_gcc.a(GUIDRV_FlexColor.o)
 .text._Log2PhysX_X0Y0S0
                0x00005ab6        0x4 ..\..\emWinGraphics_v5_46\LinkLibrary\PSoC5\GCC\libemWin_nosnts_cm3_gcc.a(GUIDRV_FlexColor.o)
 .text._Log2PhysX_X0Y1S0
                0x00005aba        0x4 ..\..\emWinGraphics_v5_46\LinkLibrary\PSoC5\GCC\libemWin_nosnts_cm3_gcc.a(GUIDRV_FlexColor.o)
 .text._Log2PhysX_X0Y0S1
                0x00005abe        0x4 ..\..\emWinGraphics_v5_46\LinkLibrary\PSoC5\GCC\libemWin_nosnts_cm3_gcc.a(GUIDRV_FlexColor.o)
 .text._Log2PhysX_X0Y1S1
                0x00005ac2        0x4 ..\..\emWinGraphics_v5_46\LinkLibrary\PSoC5\GCC\libemWin_nosnts_cm3_gcc.a(GUIDRV_FlexColor.o)
 .text._Log2PhysY_X0Y0S0
                0x00005ac6        0x4 ..\..\emWinGraphics_v5_46\LinkLibrary\PSoC5\GCC\libemWin_nosnts_cm3_gcc.a(GUIDRV_FlexColor.o)
 .text._Log2PhysY_X0Y1S0
                0x00005aca        0x8 ..\..\emWinGraphics_v5_46\LinkLibrary\PSoC5\GCC\libemWin_nosnts_cm3_gcc.a(GUIDRV_FlexColor.o)
 .text._Log2PhysX_X1Y0S0
                0x00005ad2        0x8 ..\..\emWinGraphics_v5_46\LinkLibrary\PSoC5\GCC\libemWin_nosnts_cm3_gcc.a(GUIDRV_FlexColor.o)
 .text._Log2PhysX_X1Y1S0
                0x00005ada        0x8 ..\..\emWinGraphics_v5_46\LinkLibrary\PSoC5\GCC\libemWin_nosnts_cm3_gcc.a(GUIDRV_FlexColor.o)
 .text._Log2PhysX_X1Y0S1
                0x00005ae2        0x8 ..\..\emWinGraphics_v5_46\LinkLibrary\PSoC5\GCC\libemWin_nosnts_cm3_gcc.a(GUIDRV_FlexColor.o)
 .text._Log2PhysX_X1Y1S1
                0x00005aea        0x8 ..\..\emWinGraphics_v5_46\LinkLibrary\PSoC5\GCC\libemWin_nosnts_cm3_gcc.a(GUIDRV_FlexColor.o)
 .text._Log2PhysY_X0Y1S1
                0x00005af2        0x8 ..\..\emWinGraphics_v5_46\LinkLibrary\PSoC5\GCC\libemWin_nosnts_cm3_gcc.a(GUIDRV_FlexColor.o)
 .text.GUIDRV_FlexColor__SetPixelIndexNoCache
                0x00005afa       0x88 ..\..\emWinGraphics_v5_46\LinkLibrary\PSoC5\GCC\libemWin_nosnts_cm3_gcc.a(GUIDRV_FlexColor.o)
                0x00005afa                GUIDRV_FlexColor__SetPixelIndexNoCache
 .text.GUIDRV_FlexColor__GetPixelIndexNoCache
                0x00005b82       0xb2 ..\..\emWinGraphics_v5_46\LinkLibrary\PSoC5\GCC\libemWin_nosnts_cm3_gcc.a(GUIDRV_FlexColor.o)
                0x00005b82                GUIDRV_FlexColor__GetPixelIndexNoCache
 .text.GUIDRV_FlexColor__InitOnce
                0x00005c34       0x3c ..\..\emWinGraphics_v5_46\LinkLibrary\PSoC5\GCC\libemWin_nosnts_cm3_gcc.a(GUIDRV_FlexColor.o)
                0x00005c34                GUIDRV_FlexColor__InitOnce
 .text._SetDevFunc
                0x00005c70       0x9c ..\..\emWinGraphics_v5_46\LinkLibrary\PSoC5\GCC\libemWin_nosnts_cm3_gcc.a(GUIDRV_FlexColor.o)
 .text._GetDevFunc_Init
                0x00005d0c       0x5a ..\..\emWinGraphics_v5_46\LinkLibrary\PSoC5\GCC\libemWin_nosnts_cm3_gcc.a(GUIDRV_FlexColor.o)
 .text._GetDevFunc_SetSize
                0x00005d66       0x14 ..\..\emWinGraphics_v5_46\LinkLibrary\PSoC5\GCC\libemWin_nosnts_cm3_gcc.a(GUIDRV_FlexColor.o)
 .text._GetDevFunc_SetVSize
                0x00005d7a       0x14 ..\..\emWinGraphics_v5_46\LinkLibrary\PSoC5\GCC\libemWin_nosnts_cm3_gcc.a(GUIDRV_FlexColor.o)
 .text._GetDevFunc_Off
                0x00005d8e       0x16 ..\..\emWinGraphics_v5_46\LinkLibrary\PSoC5\GCC\libemWin_nosnts_cm3_gcc.a(GUIDRV_FlexColor.o)
 .text._GetDevFunc_On
                0x00005da4       0x16 ..\..\emWinGraphics_v5_46\LinkLibrary\PSoC5\GCC\libemWin_nosnts_cm3_gcc.a(GUIDRV_FlexColor.o)
 .text.GUIDRV_FlexColor_Config
                0x00005dba       0x3c ..\..\emWinGraphics_v5_46\LinkLibrary\PSoC5\GCC\libemWin_nosnts_cm3_gcc.a(GUIDRV_FlexColor.o)
                0x00005dba                GUIDRV_FlexColor_Config
 .text.GUIDRV_FlexColor_SetFunc
                0x00005df6       0x32 ..\..\emWinGraphics_v5_46\LinkLibrary\PSoC5\GCC\libemWin_nosnts_cm3_gcc.a(GUIDRV_FlexColor.o)
                0x00005df6                GUIDRV_FlexColor_SetFunc
 .text._WriteU16_A1
                0x00005e28       0x14 ..\..\emWinGraphics_v5_46\LinkLibrary\PSoC5\GCC\libemWin_nosnts_cm3_gcc.a(GUIDRV_FlexColor_16bpp_C0B8.o)
 .text._WriteDataMP
                0x00005e3c       0x4e ..\..\emWinGraphics_v5_46\LinkLibrary\PSoC5\GCC\libemWin_nosnts_cm3_gcc.a(GUIDRV_FlexColor_16bpp_C0B8.o)
 .text._ReadData
                0x00005e8a        0xa ..\..\emWinGraphics_v5_46\LinkLibrary\PSoC5\GCC\libemWin_nosnts_cm3_gcc.a(GUIDRV_FlexColor_16bpp_C0B8.o)
 .text._WriteData
                0x00005e94        0x6 ..\..\emWinGraphics_v5_46\LinkLibrary\PSoC5\GCC\libemWin_nosnts_cm3_gcc.a(GUIDRV_FlexColor_16bpp_C0B8.o)
 *fill*         0x00005e9a        0x2 
 .text._FillRect
                0x00005e9c      0x104 ..\..\emWinGraphics_v5_46\LinkLibrary\PSoC5\GCC\libemWin_nosnts_cm3_gcc.a(GUIDRV_FlexColor_16bpp_C0B8.o)
 .text._DrawBitmap
                0x00005fa0      0x528 ..\..\emWinGraphics_v5_46\LinkLibrary\PSoC5\GCC\libemWin_nosnts_cm3_gcc.a(GUIDRV_FlexColor_16bpp_C0B8.o)
 .text.GUIDRV_FlexColor_SetMode16bppC0B8
                0x000064c8       0x68 ..\..\emWinGraphics_v5_46\LinkLibrary\PSoC5\GCC\libemWin_nosnts_cm3_gcc.a(GUIDRV_FlexColor_16bpp_C0B8.o)
                0x000064c8                GUIDRV_FlexColor_SetMode16bppC0B8
 .text._SetPhysRAMAddr
                0x00006530       0xa6 ..\..\emWinGraphics_v5_46\LinkLibrary\PSoC5\GCC\libemWin_nosnts_cm3_gcc.a(GUIDRV_FlexColor_Func66709.o)
 .text._SetRect
                0x000065d6       0xa6 ..\..\emWinGraphics_v5_46\LinkLibrary\PSoC5\GCC\libemWin_nosnts_cm3_gcc.a(GUIDRV_FlexColor_Func66709.o)
 .text._SetOrientation
                0x0000667c       0x40 ..\..\emWinGraphics_v5_46\LinkLibrary\PSoC5\GCC\libemWin_nosnts_cm3_gcc.a(GUIDRV_FlexColor_Func66709.o)
 .text._ReadPixel_16bpp_B8
                0x000066bc       0x38 ..\..\emWinGraphics_v5_46\LinkLibrary\PSoC5\GCC\libemWin_nosnts_cm3_gcc.a(GUIDRV_FlexColor_Func66709.o)
 .text._ReadPixel_16bpp_B16_I
                0x000066f4       0x3c ..\..\emWinGraphics_v5_46\LinkLibrary\PSoC5\GCC\libemWin_nosnts_cm3_gcc.a(GUIDRV_FlexColor_Func66709.o)
 .text._SetReg_B8
                0x00006730       0x1a ..\..\emWinGraphics_v5_46\LinkLibrary\PSoC5\GCC\libemWin_nosnts_cm3_gcc.a(GUIDRV_FlexColor_Func66709.o)
 .text._SetReg_B16
                0x0000674a        0x8 ..\..\emWinGraphics_v5_46\LinkLibrary\PSoC5\GCC\libemWin_nosnts_cm3_gcc.a(GUIDRV_FlexColor_Func66709.o)
 .text._WritePara_B8
                0x00006752        0x8 ..\..\emWinGraphics_v5_46\LinkLibrary\PSoC5\GCC\libemWin_nosnts_cm3_gcc.a(GUIDRV_FlexColor_Func66709.o)
 .text._WritePara_B16
                0x0000675a        0x8 ..\..\emWinGraphics_v5_46\LinkLibrary\PSoC5\GCC\libemWin_nosnts_cm3_gcc.a(GUIDRV_FlexColor_Func66709.o)
 *fill*         0x00006762        0x2 
 .text._SetInterface
                0x00006764       0x34 ..\..\emWinGraphics_v5_46\LinkLibrary\PSoC5\GCC\libemWin_nosnts_cm3_gcc.a(GUIDRV_FlexColor_Func66709.o)
 .text._ReadRect_16bpp_B8
                0x00006798       0x66 ..\..\emWinGraphics_v5_46\LinkLibrary\PSoC5\GCC\libemWin_nosnts_cm3_gcc.a(GUIDRV_FlexColor_Func66709.o)
 .text._ReadRect_16bpp_B16_I
                0x000067fe       0x6a ..\..\emWinGraphics_v5_46\LinkLibrary\PSoC5\GCC\libemWin_nosnts_cm3_gcc.a(GUIDRV_FlexColor_Func66709.o)
 .text.GUIDRV_FlexColor_SetFunc66709
                0x00006868       0x6c ..\..\emWinGraphics_v5_46\LinkLibrary\PSoC5\GCC\libemWin_nosnts_cm3_gcc.a(GUIDRV_FlexColor_Func66709.o)
                0x00006868                GUIDRV_FlexColor_SetFunc66709
 .text._SetDrawMode
                0x000068d4       0x28 ..\..\emWinGraphics_v5_46\LinkLibrary\PSoC5\GCC\libemWin_nosnts_cm3_gcc.a(LCD.o)
 .text.LCD_SetDrawMode
                0x000068fc        0xc ..\..\emWinGraphics_v5_46\LinkLibrary\PSoC5\GCC\libemWin_nosnts_cm3_gcc.a(LCD.o)
                0x000068fc                LCD_SetDrawMode
 .text.LCD_DrawPixel
                0x00006908       0x60 ..\..\emWinGraphics_v5_46\LinkLibrary\PSoC5\GCC\libemWin_nosnts_cm3_gcc.a(LCD.o)
                0x00006908                LCD_DrawPixel
 .text.LCD_DrawHLine
                0x00006968       0x50 ..\..\emWinGraphics_v5_46\LinkLibrary\PSoC5\GCC\libemWin_nosnts_cm3_gcc.a(LCD.o)
                0x00006968                LCD_DrawHLine
 .text.LCD_FillRect
                0x000069b8       0x58 ..\..\emWinGraphics_v5_46\LinkLibrary\PSoC5\GCC\libemWin_nosnts_cm3_gcc.a(LCD.o)
                0x000069b8                LCD_FillRect
 .text.LCD__DrawBitmap_1bpp
                0x00006a10      0x1d8 ..\..\emWinGraphics_v5_46\LinkLibrary\PSoC5\GCC\libemWin_nosnts_cm3_gcc.a(LCD.o)
                0x00006a10                LCD__DrawBitmap_1bpp
 .text.LCD_DrawBitmap
                0x00006be8      0x224 ..\..\emWinGraphics_v5_46\LinkLibrary\PSoC5\GCC\libemWin_nosnts_cm3_gcc.a(LCD.o)
                0x00006be8                LCD_DrawBitmap
 .text.LCD_SetClipRectMax
                0x00006e0c       0x1c ..\..\emWinGraphics_v5_46\LinkLibrary\PSoC5\GCC\libemWin_nosnts_cm3_gcc.a(LCD.o)
                0x00006e0c                LCD_SetClipRectMax
 .text.LCD_Init
                0x00006e28       0x90 ..\..\emWinGraphics_v5_46\LinkLibrary\PSoC5\GCC\libemWin_nosnts_cm3_gcc.a(LCD.o)
                0x00006e28                LCD_Init
 .text.LCD_Color2Index
                0x00006eb8       0x1c ..\..\emWinGraphics_v5_46\LinkLibrary\PSoC5\GCC\libemWin_nosnts_cm3_gcc.a(LCD.o)
                0x00006eb8                LCD_Color2Index
 .text.LCD_Index2Color
                0x00006ed4       0x1c ..\..\emWinGraphics_v5_46\LinkLibrary\PSoC5\GCC\libemWin_nosnts_cm3_gcc.a(LCD.o)
                0x00006ed4                LCD_Index2Color
 .text.LCD_SetColorIndex
                0x00006ef0       0x18 ..\..\emWinGraphics_v5_46\LinkLibrary\PSoC5\GCC\libemWin_nosnts_cm3_gcc.a(LCD.o)
                0x00006ef0                LCD_SetColorIndex
 .text._SetColor
                0x00006f08       0x20 ..\..\emWinGraphics_v5_46\LinkLibrary\PSoC5\GCC\libemWin_nosnts_cm3_gcc.a(LCD.o)
 .text.LCD_SetBkColorIndex
                0x00006f28       0x18 ..\..\emWinGraphics_v5_46\LinkLibrary\PSoC5\GCC\libemWin_nosnts_cm3_gcc.a(LCD.o)
                0x00006f28                LCD_SetBkColorIndex
 .text._SetBkColor
                0x00006f40       0x20 ..\..\emWinGraphics_v5_46\LinkLibrary\PSoC5\GCC\libemWin_nosnts_cm3_gcc.a(LCD.o)
 .text.LCD_SetBkColor
                0x00006f60        0xc ..\..\emWinGraphics_v5_46\LinkLibrary\PSoC5\GCC\libemWin_nosnts_cm3_gcc.a(LCD.o)
                0x00006f60                LCD_SetBkColor
 .text.LCD_SetColor
                0x00006f6c        0xc ..\..\emWinGraphics_v5_46\LinkLibrary\PSoC5\GCC\libemWin_nosnts_cm3_gcc.a(LCD.o)
                0x00006f6c                LCD_SetColor
 .text._OnExit  0x00006f78       0x1c ..\..\emWinGraphics_v5_46\LinkLibrary\PSoC5\GCC\libemWin_nosnts_cm3_gcc.a(LCD_Color.o)
 .text.LCD_InitColors
                0x00006f94       0x3c ..\..\emWinGraphics_v5_46\LinkLibrary\PSoC5\GCC\libemWin_nosnts_cm3_gcc.a(LCD_Color.o)
                0x00006f94                LCD_InitColors
 .text.LCD_GetpPalConvTableUncached
                0x00006fd0       0x6c ..\..\emWinGraphics_v5_46\LinkLibrary\PSoC5\GCC\libemWin_nosnts_cm3_gcc.a(LCD_Color.o)
                0x00006fd0                LCD_GetpPalConvTableUncached
 .text.LCD_GetpPalConvTableBM
                0x0000703c        0x4 ..\..\emWinGraphics_v5_46\LinkLibrary\PSoC5\GCC\libemWin_nosnts_cm3_gcc.a(LCD_Color.o)
                0x0000703c                LCD_GetpPalConvTableBM
 .text.LCD_InitLUT
                0x00007040       0x88 ..\..\emWinGraphics_v5_46\LinkLibrary\PSoC5\GCC\libemWin_nosnts_cm3_gcc.a(LCD_Color.o)
                0x00007040                LCD_InitLUT
 .text._GetDevProp.part.0
                0x000070c8       0x18 ..\..\emWinGraphics_v5_46\LinkLibrary\PSoC5\GCC\libemWin_nosnts_cm3_gcc.a(LCD_GetEx.o)
 .text._GetDevProp
                0x000070e0        0xc ..\..\emWinGraphics_v5_46\LinkLibrary\PSoC5\GCC\libemWin_nosnts_cm3_gcc.a(LCD_GetEx.o)
 .text._GetMaxValue
                0x000070ec       0x10 ..\..\emWinGraphics_v5_46\LinkLibrary\PSoC5\GCC\libemWin_nosnts_cm3_gcc.a(LCD_GetEx.o)
 .text.LCD_GetBitsPerPixelEx
                0x000070fc        0x6 ..\..\emWinGraphics_v5_46\LinkLibrary\PSoC5\GCC\libemWin_nosnts_cm3_gcc.a(LCD_GetEx.o)
                0x000070fc                LCD_GetBitsPerPixelEx
 .text.LCD_GetNumColorsEx
                0x00007102        0x6 ..\..\emWinGraphics_v5_46\LinkLibrary\PSoC5\GCC\libemWin_nosnts_cm3_gcc.a(LCD_GetEx.o)
                0x00007102                LCD_GetNumColorsEx
 .text.LCD_GetNumColors
                0x00007108       0x10 ..\..\emWinGraphics_v5_46\LinkLibrary\PSoC5\GCC\libemWin_nosnts_cm3_gcc.a(LCD_GetEx.o)
                0x00007108                LCD_GetNumColors
 .text.GUI_GetBitsPerPixelEx
                0x00007118       0x14 ..\..\emWinGraphics_v5_46\LinkLibrary\PSoC5\GCC\libemWin_nosnts_cm3_gcc.a(LCD_GetEx.o)
                0x00007118                GUI_GetBitsPerPixelEx
 .text.LCD_GetPaletteEx
                0x0000712c       0x16 ..\..\emWinGraphics_v5_46\LinkLibrary\PSoC5\GCC\libemWin_nosnts_cm3_gcc.a(LCD_GetEx.o)
                0x0000712c                LCD_GetPaletteEx
 *fill*         0x00007142        0x2 
 .text.LCD_GetPalette
                0x00007144       0x10 ..\..\emWinGraphics_v5_46\LinkLibrary\PSoC5\GCC\libemWin_nosnts_cm3_gcc.a(LCD_GetEx.o)
                0x00007144                LCD_GetPalette
 .text.GUI_GetpfIndex2ColorEx
                0x00007154       0x10 ..\..\emWinGraphics_v5_46\LinkLibrary\PSoC5\GCC\libemWin_nosnts_cm3_gcc.a(LCD_GetEx.o)
                0x00007154                GUI_GetpfIndex2ColorEx
 .text.GUI_GetpfColor2IndexEx
                0x00007164       0x10 ..\..\emWinGraphics_v5_46\LinkLibrary\PSoC5\GCC\libemWin_nosnts_cm3_gcc.a(LCD_GetEx.o)
                0x00007164                GUI_GetpfColor2IndexEx
 .text.LCD_GetXSizeMax
                0x00007174        0x6 ..\..\emWinGraphics_v5_46\LinkLibrary\PSoC5\GCC\libemWin_nosnts_cm3_gcc.a(LCD_GetEx.o)
                0x00007174                LCD_GetXSizeMax
 .text.LCD_GetYSizeMax
                0x0000717a        0x6 ..\..\emWinGraphics_v5_46\LinkLibrary\PSoC5\GCC\libemWin_nosnts_cm3_gcc.a(LCD_GetEx.o)
                0x0000717a                LCD_GetYSizeMax
 .text.LCD_SetDisplaySize
                0x00007180        0xc ..\..\emWinGraphics_v5_46\LinkLibrary\PSoC5\GCC\libemWin_nosnts_cm3_gcc.a(LCD_GetEx.o)
                0x00007180                LCD_SetDisplaySize
 .text.LCD_GetXSizeDisplay
                0x0000718c        0xc ..\..\emWinGraphics_v5_46\LinkLibrary\PSoC5\GCC\libemWin_nosnts_cm3_gcc.a(LCD_GetEx.o)
                0x0000718c                LCD_GetXSizeDisplay
 .text.LCD_GetYSizeDisplay
                0x00007198        0xc ..\..\emWinGraphics_v5_46\LinkLibrary\PSoC5\GCC\libemWin_nosnts_cm3_gcc.a(LCD_GetEx.o)
                0x00007198                LCD_GetYSizeDisplay
 .text.LCD__GetBPP
                0x000071a4       0x7e ..\..\emWinGraphics_v5_46\LinkLibrary\PSoC5\GCC\libemWin_nosnts_cm3_gcc.a(LCD_GetEx.o)
                0x000071a4                LCD__GetBPP
 .text.LCD__GetBPPDevice
                0x00007222       0x2c ..\..\emWinGraphics_v5_46\LinkLibrary\PSoC5\GCC\libemWin_nosnts_cm3_gcc.a(LCD_GetEx.o)
                0x00007222                LCD__GetBPPDevice
 .text.LCD_GetNumLayers
                0x0000724e       0x10 ..\..\emWinGraphics_v5_46\LinkLibrary\PSoC5\GCC\libemWin_nosnts_cm3_gcc.a(LCD_GetNumDisplays.o)
                0x0000724e                LCD_GetNumLayers
 *fill*         0x0000725e        0x2 
 .text.LCD_SelectLCD
                0x00007260       0x40 ..\..\emWinGraphics_v5_46\LinkLibrary\PSoC5\GCC\libemWin_nosnts_cm3_gcc.a(LCD_SelectLCD.o)
                0x00007260                LCD_SelectLCD
 .text.LCD_SetLUTEntryEx
                0x000072a0       0x30 ..\..\emWinGraphics_v5_46\LinkLibrary\PSoC5\GCC\libemWin_nosnts_cm3_gcc.a(LCD_Set.o)
                0x000072a0                LCD_SetLUTEntryEx
 .text.LCD_SetSizeEx
                0x000072d0       0x30 ..\..\emWinGraphics_v5_46\LinkLibrary\PSoC5\GCC\libemWin_nosnts_cm3_gcc.a(LCD_Set.o)
                0x000072d0                LCD_SetSizeEx
 .text.LCD_SetVSizeEx
                0x00007300       0x30 ..\..\emWinGraphics_v5_46\LinkLibrary\PSoC5\GCC\libemWin_nosnts_cm3_gcc.a(LCD_Set.o)
                0x00007300                LCD_SetVSizeEx
 .text.LCD_UpdateColorIndices
                0x00007330       0x24 ..\..\emWinGraphics_v5_46\LinkLibrary\PSoC5\GCC\libemWin_nosnts_cm3_gcc.a(LCD_UpdateColorIndices.o)
                0x00007330                LCD_UpdateColorIndices
 .text._OnExit  0x00007354       0x88 ..\..\emWinGraphics_v5_46\LinkLibrary\PSoC5\GCC\libemWin_nosnts_cm3_gcc.a(WM.o)
 .text._Findy1  0x000073dc       0xa6 ..\..\emWinGraphics_v5_46\LinkLibrary\PSoC5\GCC\libemWin_nosnts_cm3_gcc.a(WM.o)
 .text._Findx0  0x00007482       0x86 ..\..\emWinGraphics_v5_46\LinkLibrary\PSoC5\GCC\libemWin_nosnts_cm3_gcc.a(WM.o)
 .text._Findx1  0x00007508       0x72 ..\..\emWinGraphics_v5_46\LinkLibrary\PSoC5\GCC\libemWin_nosnts_cm3_gcc.a(WM.o)
 *fill*         0x0000757a        0x2 
 .text.WM__ClipAtParentBorders
                0x0000757c       0x50 ..\..\emWinGraphics_v5_46\LinkLibrary\PSoC5\GCC\libemWin_nosnts_cm3_gcc.a(WM.o)
                0x0000757c                WM__ClipAtParentBorders
 .text.WM__InsertWindowIntoList
                0x000075cc       0xac ..\..\emWinGraphics_v5_46\LinkLibrary\PSoC5\GCC\libemWin_nosnts_cm3_gcc.a(WM.o)
                0x000075cc                WM__InsertWindowIntoList
 .text.WM__Client2Screen
                0x00007678       0x10 ..\..\emWinGraphics_v5_46\LinkLibrary\PSoC5\GCC\libemWin_nosnts_cm3_gcc.a(WM.o)
                0x00007678                WM__Client2Screen
 .text._SetClipRectUserIntersect
                0x00007688       0x50 ..\..\emWinGraphics_v5_46\LinkLibrary\PSoC5\GCC\libemWin_nosnts_cm3_gcc.a(WM.o)
 .text.WM__ActivateClipRect
                0x000076d8       0x48 ..\..\emWinGraphics_v5_46\LinkLibrary\PSoC5\GCC\libemWin_nosnts_cm3_gcc.a(WM.o)
                0x000076d8                WM__ActivateClipRect
 .text.WM__InvalidateDrawAndDescs
                0x00007720       0x50 ..\..\emWinGraphics_v5_46\LinkLibrary\PSoC5\GCC\libemWin_nosnts_cm3_gcc.a(WM.o)
                0x00007720                WM__InvalidateDrawAndDescs
 .text.WM__RectIsNZ
                0x00007770       0x22 ..\..\emWinGraphics_v5_46\LinkLibrary\PSoC5\GCC\libemWin_nosnts_cm3_gcc.a(WM.o)
                0x00007770                WM__RectIsNZ
 *fill*         0x00007792        0x2 
 .text._Invalidate1Abs
                0x00007794       0x84 ..\..\emWinGraphics_v5_46\LinkLibrary\PSoC5\GCC\libemWin_nosnts_cm3_gcc.a(WM.o)
 .text.WM__Invalidate1Abs
                0x00007818        0x6 ..\..\emWinGraphics_v5_46\LinkLibrary\PSoC5\GCC\libemWin_nosnts_cm3_gcc.a(WM.o)
                0x00007818                WM__Invalidate1Abs
 .text.WM_InvalidateWindowAndDescsEx
                0x0000781e       0x64 ..\..\emWinGraphics_v5_46\LinkLibrary\PSoC5\GCC\libemWin_nosnts_cm3_gcc.a(WM.o)
                0x0000781e                WM_InvalidateWindowAndDescsEx
 .text.WM__InvalidateRect
                0x00007882       0x76 ..\..\emWinGraphics_v5_46\LinkLibrary\PSoC5\GCC\libemWin_nosnts_cm3_gcc.a(WM.o)
                0x00007882                WM__InvalidateRect
 .text.WM__InvalidateRectEx